Archive member included to satisfy reference by file (symbol)

/opt/riscv/lib/gcc/riscv64-unknown-elf/15.2.0/rv64im/lp64/libgcc.a(_clzsi2.o)
                              tasks.o (__clzdi2)
/opt/riscv/lib/gcc/riscv64-unknown-elf/15.2.0/rv64im/lp64/libgcc.a(_clz.o)
                              /opt/riscv/lib/gcc/riscv64-unknown-elf/15.2.0/rv64im/lp64/libgcc.a(_clzsi2.o) (__clz_tab)

Merging object attributes


Discarded input sections

 .text          0x0000000000000000        0x0 crt0.o
 .data          0x0000000000000000        0x0 crt0.o
 .bss           0x0000000000000000        0x0 crt0.o
 .text          0x0000000000000000        0x0 nosys.o
 .data          0x0000000000000000        0x0 nosys.o
 .bss           0x0000000000000000        0x0 nosys.o
 .text.memcpy   0x0000000000000000       0x24 nosys.o
 .text.memcmp   0x0000000000000000       0x30 nosys.o
 .text          0x0000000000000000        0x0 main_freertos.o
 .data          0x0000000000000000        0x0 main_freertos.o
 .bss           0x0000000000000000        0x0 main_freertos.o
 .text          0x0000000000000000        0x0 tasks.o
 .data          0x0000000000000000        0x0 tasks.o
 .bss           0x0000000000000000        0x0 tasks.o
 .text.prvTaskIsTaskSuspended
                0x0000000000000000       0x3c tasks.o
 .text.vTaskResume
                0x0000000000000000       0xf8 tasks.o
 .text.xTaskResumeFromISR
                0x0000000000000000       0xf8 tasks.o
 .text.vTaskEndScheduler
                0x0000000000000000       0x14 tasks.o
 .text.xTaskGetTickCountFromISR
                0x0000000000000000        0xc tasks.o
 .text.uxTaskGetNumberOfTasks
                0x0000000000000000        0xc tasks.o
 .text.pcTaskGetName
                0x0000000000000000       0x14 tasks.o
 .text.xTaskDelayUntil
                0x0000000000000000       0x98 tasks.o
 .text.xTaskCatchUpTicks
                0x0000000000000000       0x4c tasks.o
 .text.vTaskSuspend
                0x0000000000000000      0x184 tasks.o
 .text.vTaskPlaceOnEventList
                0x0000000000000000       0x40 tasks.o
 .text.vTaskPlaceOnUnorderedEventList
                0x0000000000000000       0x70 tasks.o
 .text.xTaskRemoveFromEventList
                0x0000000000000000      0x130 tasks.o
 .text.vTaskRemoveFromUnorderedEventList
                0x0000000000000000       0xf4 tasks.o
 .text.vTaskSetTimeOutState
                0x0000000000000000       0x34 tasks.o
 .text.vTaskInternalSetTimeOutState
                0x0000000000000000       0x1c tasks.o
 .text.xTaskCheckForTimeOut
                0x0000000000000000       0x9c tasks.o
 .text.vTaskMissedYield
                0x0000000000000000       0x10 tasks.o
 .text.xTaskGetCurrentTaskHandle
                0x0000000000000000        0xc tasks.o
 .text.xTaskGetCurrentTaskHandleForCore
                0x0000000000000000       0x18 tasks.o
 .text.xTaskGetSchedulerState
                0x0000000000000000       0x24 tasks.o
 .text.xTaskPriorityInherit
                0x0000000000000000      0x140 tasks.o
 .text.xTaskPriorityDisinherit
                0x0000000000000000       0xe8 tasks.o
 .text.vTaskPriorityDisinheritAfterTimeout
                0x0000000000000000      0x118 tasks.o
 .text.uxTaskResetEventItemValue
                0x0000000000000000       0x28 tasks.o
 .text.pvTaskIncrementMutexHeldCount
                0x0000000000000000       0x1c tasks.o
 .text.ulTaskGenericNotifyTake
                0x0000000000000000      0x134 tasks.o
 .text.xTaskGenericNotifyWait
                0x0000000000000000      0x188 tasks.o
 .text.xTaskGenericNotify
                0x0000000000000000      0x178 tasks.o
 .text.xTaskGenericNotifyFromISR
                0x0000000000000000      0x198 tasks.o
 .text.vTaskGenericNotifyGiveFromISR
                0x0000000000000000      0x120 tasks.o
 .text.xTaskGenericNotifyStateClear
                0x0000000000000000       0x40 tasks.o
 .text.ulTaskGenericNotifyValueClear
                0x0000000000000000       0x44 tasks.o
 .text.vTaskResetState
                0x0000000000000000       0x5c tasks.o
 .text          0x0000000000000000        0x0 queue.o
 .data          0x0000000000000000        0x0 queue.o
 .bss           0x0000000000000000        0x0 queue.o
 .text.prvIsQueueEmpty
                0x0000000000000000       0x20 queue.o
 .text.prvCopyDataToQueue
                0x0000000000000000       0xe4 queue.o
 .text.prvCopyDataFromQueue
                0x0000000000000000       0x38 queue.o
 .text.prvUnlockQueue
                0x0000000000000000      0x10c queue.o
 .text.xQueueGenericReset
                0x0000000000000000       0xf0 queue.o
 .text.xQueueGenericCreate
                0x0000000000000000       0x90 queue.o
 .text.xQueueGenericSend
                0x0000000000000000      0x1e8 queue.o
 .text.xQueueCreateMutex
                0x0000000000000000       0x5c queue.o
 .text.xQueueGenericSendFromISR
                0x0000000000000000       0xb4 queue.o
 .text.xQueueGiveFromISR
                0x0000000000000000       0xa0 queue.o
 .text.xQueueReceive
                0x0000000000000000      0x1d8 queue.o
 .text.xQueueSemaphoreTake
                0x0000000000000000      0x258 queue.o
 .text.xQueuePeek
                0x0000000000000000      0x1d0 queue.o
 .text.xQueueReceiveFromISR
                0x0000000000000000       0xb0 queue.o
 .text.xQueuePeekFromISR
                0x0000000000000000       0x4c queue.o
 .text.uxQueueMessagesWaiting
                0x0000000000000000       0x1c queue.o
 .text.uxQueueSpacesAvailable
                0x0000000000000000       0x24 queue.o
 .text.uxQueueMessagesWaitingFromISR
                0x0000000000000000        0x8 queue.o
 .text.vQueueDelete
                0x0000000000000000        0x8 queue.o
 .text.uxQueueGetQueueItemSize
                0x0000000000000000        0x8 queue.o
 .text.uxQueueGetQueueLength
                0x0000000000000000        0x8 queue.o
 .text.xQueueIsQueueEmptyFromISR
                0x0000000000000000        0xc queue.o
 .text.xQueueIsQueueFullFromISR
                0x0000000000000000       0x14 queue.o
 .comment       0x0000000000000000       0x1a queue.o
 .note.GNU-stack
                0x0000000000000000        0x0 queue.o
 .riscv.attributes
                0x0000000000000000       0x37 queue.o
 .text          0x0000000000000000        0x0 list.o
 .data          0x0000000000000000        0x0 list.o
 .bss           0x0000000000000000        0x0 list.o
 .text.vListInsertEnd
                0x0000000000000000       0x2c list.o
 .text          0x0000000000000000        0x0 port.o
 .data          0x0000000000000000        0x0 port.o
 .bss           0x0000000000000000        0x0 port.o
 .text.vPortEndScheduler
                0x0000000000000000        0x4 port.o
 .data          0x0000000000000000        0x0 portASM.o
 .bss           0x0000000000000000        0x0 portASM.o
 .text.freertos_risc_v_exception_handler
                0x0000000000000000      0x20c portASM.o
 .text.freertos_risc_v_interrupt_handler
                0x0000000000000000      0x154 portASM.o
 .text.freertos_risc_v_mtimer_interrupt_handler
                0x0000000000000000      0x188 portASM.o
 .text          0x0000000000000000        0x0 heap_4.o
 .data          0x0000000000000000        0x0 heap_4.o
 .bss           0x0000000000000000        0x0 heap_4.o
 .text.xPortGetMinimumEverFreeHeapSize
                0x0000000000000000        0xc heap_4.o
 .text.xPortResetHeapMinimumEverFreeHeapSize
                0x0000000000000000       0x14 heap_4.o
 .text.vPortInitialiseBlocks
                0x0000000000000000        0x4 heap_4.o
 .text.pvPortCalloc
                0x0000000000000000       0x5c heap_4.o
 .text.vPortGetHeapStats
                0x0000000000000000       0xf0 heap_4.o
 .text.vPortHeapResetState
                0x0000000000000000       0x2c heap_4.o
 .data          0x0000000000000000        0x0 /opt/riscv/lib/gcc/riscv64-unknown-elf/15.2.0/rv64im/lp64/libgcc.a(_clzsi2.o)
 .bss           0x0000000000000000        0x0 /opt/riscv/lib/gcc/riscv64-unknown-elf/15.2.0/rv64im/lp64/libgcc.a(_clzsi2.o)
 .text          0x0000000000000000        0x0 /opt/riscv/lib/gcc/riscv64-unknown-elf/15.2.0/rv64im/lp64/libgcc.a(_clz.o)
 .data          0x0000000000000000        0x0 /opt/riscv/lib/gcc/riscv64-unknown-elf/15.2.0/rv64im/lp64/libgcc.a(_clz.o)
 .bss           0x0000000000000000        0x0 /opt/riscv/lib/gcc/riscv64-unknown-elf/15.2.0/rv64im/lp64/libgcc.a(_clz.o)

Memory Configuration

Name             Origin             Length             Attributes
ROM              0x0000000000000000 0x0000000000010000 xr
RAM              0x0000000010000000 0x0000000000010000 xrw
*default*        0x0000000000000000 0xffffffffffffffff

Linker script and memory map

LOAD crt0.o
LOAD nosys.o
LOAD main_freertos.o
LOAD tasks.o
LOAD queue.o
LOAD list.o
LOAD port.o
LOAD portASM.o
LOAD heap_4.o
LOAD /opt/riscv/lib/gcc/riscv64-unknown-elf/15.2.0/rv64im/lp64/libgcc.a

.text           0x0000000000000000     0x21a0
 *(.text.init)
 .text.init     0x0000000000000000       0x78 crt0.o
                0x0000000000000000                _start
 *(.text .text.*)
 .text.memset   0x0000000000000078       0x1c nosys.o
                0x0000000000000078                memset
 .text.vram_putc
                0x0000000000000094       0xfc main_freertos.o
 .text.vram_clear_all
                0x0000000000000190       0x30 main_freertos.o
 .text.hex2uint
                0x00000000000001c0       0x8c main_freertos.o
 .text.uint2hex64
                0x000000000000024c       0x4c main_freertos.o
 .text.cmd_clear
                0x0000000000000298        0x4 main_freertos.o
 .text.uint2str
                0x000000000000029c       0x90 main_freertos.o
 .text.puts_all
                0x000000000000032c       0x64 main_freertos.o
 .text.print_hex_line64
                0x0000000000000390       0x4c main_freertos.o
 .text.cmd_csr  0x00000000000003dc       0xa8 main_freertos.o
 .text.cmd_help
                0x0000000000000484       0xb8 main_freertos.o
 .text.cmd_echo
                0x000000000000053c       0x90 main_freertos.o
 .text.cmd_info
                0x00000000000005cc       0x4c main_freertos.o
 .text.cmd_memr
                0x0000000000000618       0xdc main_freertos.o
 .text.cmd_dump
                0x00000000000006f4      0x1d4 main_freertos.o
 .text.cmd_history
                0x00000000000008c8       0xe4 main_freertos.o
 .text.cmd_fill
                0x00000000000009ac       0x50 main_freertos.o
 .text.run_command
                0x00000000000009fc       0xe4 main_freertos.o
 .text.Shell_Task
                0x0000000000000ae0      0x1fc main_freertos.o
                0x0000000000000ae0                Shell_Task
 .text.cmd_free
                0x0000000000000cdc       0x50 main_freertos.o
 .text.cmd_uptime
                0x0000000000000d2c       0x88 main_freertos.o
 .text.cmd_memw
                0x0000000000000db4       0xec main_freertos.o
 .text.cmd_repeat
                0x0000000000000ea0      0x1b4 main_freertos.o
 .text.startup.main
                0x0000000000001054       0x9c main_freertos.o
                0x0000000000001054                main
 .text.prvIdleTask
                0x00000000000010f0       0x18 tasks.o
 .text.prvAddCurrentTaskToDelayedList
                0x0000000000001108      0x150 tasks.o
 .text.prvResetNextTaskUnblockTime
                0x0000000000001258       0x30 tasks.o
 .text.xTaskCreate
                0x0000000000001288      0x298 tasks.o
                0x0000000000001288                xTaskCreate
 .text.vTaskStartScheduler
                0x0000000000001520       0x90 tasks.o
                0x0000000000001520                vTaskStartScheduler
 .text.vTaskSuspendAll
                0x00000000000015b0       0x14 tasks.o
                0x00000000000015b0                vTaskSuspendAll
 .text.xTaskGetTickCount
                0x00000000000015c4        0xc tasks.o
                0x00000000000015c4                xTaskGetTickCount
 .text.xTaskIncrementTick
                0x00000000000015d0      0x1e0 tasks.o
                0x00000000000015d0                xTaskIncrementTick
 .text.xTaskResumeAll
                0x00000000000017b0      0x1e0 tasks.o
                0x00000000000017b0                xTaskResumeAll
 .text.vTaskDelay
                0x0000000000001990       0x40 tasks.o
                0x0000000000001990                vTaskDelay
 .text.vTaskSwitchContext
                0x00000000000019d0       0x94 tasks.o
                0x00000000000019d0                vTaskSwitchContext
 .text.vListInitialise
                0x0000000000001a64       0x20 list.o
                0x0000000000001a64                vListInitialise
 .text.vListInitialiseItem
                0x0000000000001a84        0x8 list.o
                0x0000000000001a84                vListInitialiseItem
 .text.vListInsert
                0x0000000000001a8c       0x50 list.o
                0x0000000000001a8c                vListInsert
 .text.uxListRemove
                0x0000000000001adc       0x34 list.o
                0x0000000000001adc                uxListRemove
 .text.vPortSetupTimerInterrupt
                0x0000000000001b10       0x80 port.o
                0x0000000000001b10                vPortSetupTimerInterrupt
 .text.xPortStartScheduler
                0x0000000000001b90       0x2c port.o
                0x0000000000001b90                xPortStartScheduler
 .text          0x0000000000001bbc      0x120 portASM.o
                0x0000000000001bbc                pxPortInitialiseStack
                0x0000000000001c1c                xPortStartFirstTask
                0x0000000000001cbc                freertos_risc_v_application_exception_handler
                0x0000000000001ccc                freertos_risc_v_application_interrupt_handler
 *fill*         0x0000000000001cdc       0x24 
 .text.freertos_risc_v_trap_handler
                0x0000000000001d00      0x1f0 portASM.o
                0x0000000000001d00                freertos_risc_v_trap_handler
 .text.pvPortMalloc
                0x0000000000001ef0      0x18c heap_4.o
                0x0000000000001ef0                pvPortMalloc
 .text.vPortFree
                0x000000000000207c       0xd8 heap_4.o
                0x000000000000207c                vPortFree
 .text.xPortGetFreeHeapSize
                0x0000000000002154        0xc heap_4.o
                0x0000000000002154                xPortGetFreeHeapSize
 .text          0x0000000000002160       0x40 /opt/riscv/lib/gcc/riscv64-unknown-elf/15.2.0/rv64im/lp64/libgcc.a(_clzsi2.o)
                0x0000000000002160                __clzdi2
                0x00000000000021a0                . = ALIGN (0x4)

.rodata         0x00000000000021a0      0x8d0
 *(.rodata .rodata.*)
 .rodata.uint2hex64.str1.8
                0x00000000000021a0      0x67d main_freertos.o
                                         0x11 (size before relaxing)
 .rodata.print_hex_line64.str1.8
                0x000000000000281d        0x0 main_freertos.o
                                          0xa (size before relaxing)
 .rodata.cmd_csr.str1.8
                0x000000000000281d        0x0 main_freertos.o
                                         0x89 (size before relaxing)
 .rodata.cmd_help.str1.8
                0x000000000000281d        0x0 main_freertos.o
                                        0x25a (size before relaxing)
 .rodata.cmd_echo.str1.8
                0x000000000000281d        0x0 main_freertos.o
                                          0x2 (size before relaxing)
 .rodata.cmd_info.str1.8
                0x000000000000281d        0x0 main_freertos.o
                                         0xe0 (size before relaxing)
 .rodata.cmd_memr.str1.8
                0x000000000000281d        0x0 main_freertos.o
                                         0x4e (size before relaxing)
 .rodata.cmd_dump.str1.8
                0x000000000000281d        0x0 main_freertos.o
                                         0x1a (size before relaxing)
 .rodata.cmd_history.str1.8
                0x000000000000281d        0x0 main_freertos.o
                                         0x13 (size before relaxing)
 .rodata.cmd_fill.str1.8
                0x000000000000281d        0x0 main_freertos.o
                                         0x20 (size before relaxing)
 .rodata.run_command.str1.8
                0x000000000000281d        0x0 main_freertos.o
                                          0xa (size before relaxing)
 .rodata.Shell_Task.str1.8
                0x000000000000281d        0x0 main_freertos.o
                                         0x4c (size before relaxing)
 .rodata.cmd_free.str1.8
                0x000000000000281d        0x0 main_freertos.o
                                         0x18 (size before relaxing)
 .rodata.cmd_uptime.str1.8
                0x000000000000281d        0x0 main_freertos.o
                                         0x19 (size before relaxing)
 .rodata.cmd_memw.str1.8
                0x000000000000281d        0x0 main_freertos.o
                                         0x25 (size before relaxing)
 .rodata.cmd_repeat.str1.8
                0x000000000000281d        0x0 main_freertos.o
                                         0x33 (size before relaxing)
 .rodata.main.str1.8
                0x000000000000281d        0x0 main_freertos.o
                                         0x76 (size before relaxing)
 *fill*         0x000000000000281d        0x3 
 .rodata.CSWTCH.58
                0x0000000000002820       0x52 main_freertos.o
 .rodata.str1.8
                0x0000000000002872        0x0 main_freertos.o
                                         0x67 (size before relaxing)
 *fill*         0x0000000000002872        0x6 
 .rodata.cmds   0x0000000000002878       0xe0 main_freertos.o
 .rodata.vTaskStartScheduler.str1.8
                0x0000000000002958        0x0 tasks.o
                                          0x5 (size before relaxing)
 .rodata        0x0000000000002958      0x100 /opt/riscv/lib/gcc/riscv64-unknown-elf/15.2.0/rv64im/lp64/libgcc.a(_clz.o)
                0x0000000000002958                __clz_tab
 *(.srodata .srodata.*)
 .srodata.uxTopUsedPriority
                0x0000000000002a58        0x8 tasks.o
 .srodata.uxTimerIncrementsForOneTick
                0x0000000000002a60        0x8 port.o
                0x0000000000002a60                uxTimerIncrementsForOneTick
 .srodata.xISRStackTop
                0x0000000000002a68        0x8 port.o
                0x0000000000002a68                xISRStackTop
                0x0000000000002a70                . = ALIGN (0x8)
                0x0000000000002a70                _data_load = LOADADDR (.data)

.rela.dyn       0x0000000000002a70        0x0
 .rela.text.init
                0x0000000000002a70        0x0 crt0.o

.data           0x0000000010000000       0x18 load address 0x0000000000002a70
                0x0000000010000000                _data_start = .
 *(.data .data.*)
 *(.sdata .sdata.*)
 .sdata.pxCriticalNesting
                0x0000000010000000        0x8 port.o
                0x0000000010000000                pxCriticalNesting
 .sdata.xCriticalNesting
                0x0000000010000008        0x8 port.o
                0x0000000010000008                xCriticalNesting
 .sdata.pullNextTime
                0x0000000010000010        0x8 port.o
                0x0000000010000010                pullNextTime
                0x0000000010000018                . = ALIGN (0x8)
                0x0000000010000018                _data_end = .

.bss            0x0000000010000020     0x5440 load address 0x0000000000002a88
                0x0000000010000820                __global_pointer$ = (. + 0x800)
                0x0000000010000020                _bss_start = .
 *(.bss .bss.*)
 .bss.history   0x0000000010000020      0x200 main_freertos.o
 .bss.xSuspendedTaskList
                0x0000000010000220       0x28 tasks.o
 .bss.xPendingReadyList
                0x0000000010000248       0x28 tasks.o
 .bss.xDelayedTaskList2
                0x0000000010000270       0x28 tasks.o
 .bss.xDelayedTaskList1
                0x0000000010000298       0x28 tasks.o
 .bss.pxReadyTasksLists
                0x00000000100002c0       0xc8 tasks.o
 *fill*         0x0000000010000388        0x8 
 .bss.xISRStack
                0x0000000010000390     0x1000 port.o
 .bss.xStart    0x0000000010001390       0x10 heap_4.o
 .bss.ucHeap    0x00000000100013a0     0x4000 heap_4.o
 *(.sbss .sbss.*)
 .sbss.break_flag.0
                0x00000000100053a0        0x1 main_freertos.o
 .sbss.extended_flag.1
                0x00000000100053a1        0x1 main_freertos.o
 *fill*         0x00000000100053a2        0x2 
 .sbss.history_count
                0x00000000100053a4        0x4 main_freertos.o
 .sbss.vcol     0x00000000100053a8        0x4 main_freertos.o
 .sbss.vrow     0x00000000100053ac        0x4 main_freertos.o
 .sbss.uxSchedulerSuspended
                0x00000000100053b0        0x8 tasks.o
 .sbss.xIdleTaskHandles
                0x00000000100053b8        0x8 tasks.o
 .sbss.xNextTaskUnblockTime
                0x00000000100053c0        0x8 tasks.o
 .sbss.uxTaskNumber
                0x00000000100053c8        0x8 tasks.o
 .sbss.xNumOfOverflows
                0x00000000100053d0        0x8 tasks.o
 .sbss.xYieldPendings
                0x00000000100053d8        0x8 tasks.o
 .sbss.xPendedTicks
                0x00000000100053e0        0x8 tasks.o
 .sbss.xSchedulerRunning
                0x00000000100053e8        0x8 tasks.o
 .sbss.uxTopReadyPriority
                0x00000000100053f0        0x8 tasks.o
 .sbss.xTickCount
                0x00000000100053f8        0x8 tasks.o
 .sbss.uxCurrentNumberOfTasks
                0x0000000010005400        0x8 tasks.o
 .sbss.pxOverflowDelayedTaskList
                0x0000000010005408        0x8 tasks.o
 .sbss.pxDelayedTaskList
                0x0000000010005410        0x8 tasks.o
 .sbss.pxCurrentTCB
                0x0000000010005418        0x8 tasks.o
                0x0000000010005418                pxCurrentTCB
 .sbss.xTaskReturnAddress
                0x0000000010005420        0x8 port.o
                0x0000000010005420                xTaskReturnAddress
 .sbss.pullMachineTimerCompareRegister
                0x0000000010005428        0x8 port.o
                0x0000000010005428                pullMachineTimerCompareRegister
 .sbss.ullNextTime
                0x0000000010005430        0x8 port.o
                0x0000000010005430                ullNextTime
 .sbss.xNumberOfSuccessfulFrees
                0x0000000010005438        0x8 heap_4.o
 .sbss.xNumberOfSuccessfulAllocations
                0x0000000010005440        0x8 heap_4.o
 .sbss.xMinimumEverFreeBytesRemaining
                0x0000000010005448        0x8 heap_4.o
 .sbss.xFreeBytesRemaining
                0x0000000010005450        0x8 heap_4.o
 .sbss.pxEnd    0x0000000010005458        0x8 heap_4.o
 *(COMMON)
                0x0000000010005460                . = ALIGN (0x8)
                0x0000000010005460                _bss_end = .
                0x0000000010010000                _stack_top = (ORIGIN (RAM) + LENGTH (RAM))
                0x0000000010005460                _heap_start = _bss_end
                0x000000001000f800                _heap_end = (_stack_top - 0x800)
OUTPUT(firmware.elf elf64-littleriscv)

.riscv.attributes
                0x0000000000000000       0x37
 .riscv.attributes
                0x0000000000000000       0x35 crt0.o
 .riscv.attributes
                0x0000000000000035       0x33 nosys.o
 .riscv.attributes
                0x0000000000000068       0x37 main_freertos.o
 .riscv.attributes
                0x000000000000009f       0x37 tasks.o
 .riscv.attributes
                0x00000000000000d6       0x33 list.o
 .riscv.attributes
                0x0000000000000109       0x37 port.o
 .riscv.attributes
                0x0000000000000140       0x35 portASM.o
 .riscv.attributes
                0x0000000000000175       0x37 heap_4.o
 .riscv.attributes
                0x00000000000001ac       0x2a /opt/riscv/lib/gcc/riscv64-unknown-elf/15.2.0/rv64im/lp64/libgcc.a(_clzsi2.o)
 .riscv.attributes
                0x00000000000001d6       0x2a /opt/riscv/lib/gcc/riscv64-unknown-elf/15.2.0/rv64im/lp64/libgcc.a(_clz.o)

.comment        0x0000000000000000       0x19
 .comment       0x0000000000000000       0x19 nosys.o
                                         0x1a (size before relaxing)
 .comment       0x0000000000000019        0x0 main_freertos.o
                                         0x1a (size before relaxing)
 .comment       0x0000000000000019        0x0 tasks.o
                                         0x1a (size before relaxing)
 .comment       0x0000000000000019        0x0 list.o
                                         0x1a (size before relaxing)
 .comment       0x0000000000000019        0x0 port.o
                                         0x1a (size before relaxing)
 .comment       0x0000000000000019        0x0 heap_4.o
                                         0x1a (size before relaxing)
 .comment       0x0000000000000019        0x0 /opt/riscv/lib/gcc/riscv64-unknown-elf/15.2.0/rv64im/lp64/libgcc.a(_clzsi2.o)
                                         0x1a (size before relaxing)
 .comment       0x0000000000000019        0x0 /opt/riscv/lib/gcc/riscv64-unknown-elf/15.2.0/rv64im/lp64/libgcc.a(_clz.o)
                                         0x1a (size before relaxing)

.note.GNU-stack
                0x0000000000000000        0x0
 .note.GNU-stack
                0x0000000000000000        0x0 nosys.o
 .note.GNU-stack
                0x0000000000000000        0x0 main_freertos.o
 .note.GNU-stack
                0x0000000000000000        0x0 tasks.o
 .note.GNU-stack
                0x0000000000000000        0x0 list.o
 .note.GNU-stack
                0x0000000000000000        0x0 port.o
 .note.GNU-stack
                0x0000000000000000        0x0 heap_4.o
 .note.GNU-stack
                0x0000000000000000        0x0 /opt/riscv/lib/gcc/riscv64-unknown-elf/15.2.0/rv64im/lp64/libgcc.a(_clzsi2.o)
 .note.GNU-stack
                0x0000000000000000        0x0 /opt/riscv/lib/gcc/riscv64-unknown-elf/15.2.0/rv64im/lp64/libgcc.a(_clz.o)

.debug_info     0x0000000000000000      0x28a
 .debug_info    0x0000000000000000      0x186 /opt/riscv/lib/gcc/riscv64-unknown-elf/15.2.0/rv64im/lp64/libgcc.a(_clzsi2.o)
 .debug_info    0x0000000000000186      0x104 /opt/riscv/lib/gcc/riscv64-unknown-elf/15.2.0/rv64im/lp64/libgcc.a(_clz.o)

.debug_abbrev   0x0000000000000000      0x14f
 .debug_abbrev  0x0000000000000000       0xd9 /opt/riscv/lib/gcc/riscv64-unknown-elf/15.2.0/rv64im/lp64/libgcc.a(_clzsi2.o)
 .debug_abbrev  0x00000000000000d9       0x76 /opt/riscv/lib/gcc/riscv64-unknown-elf/15.2.0/rv64im/lp64/libgcc.a(_clz.o)

.debug_loclists
                0x0000000000000000       0x6a
 .debug_loclists
                0x0000000000000000       0x6a /opt/riscv/lib/gcc/riscv64-unknown-elf/15.2.0/rv64im/lp64/libgcc.a(_clzsi2.o)

.debug_aranges  0x0000000000000000       0x50
 .debug_aranges
                0x0000000000000000       0x30 /opt/riscv/lib/gcc/riscv64-unknown-elf/15.2.0/rv64im/lp64/libgcc.a(_clzsi2.o)
 .debug_aranges
                0x0000000000000030       0x20 /opt/riscv/lib/gcc/riscv64-unknown-elf/15.2.0/rv64im/lp64/libgcc.a(_clz.o)

.debug_rnglists
                0x0000000000000000       0x16
 .debug_rnglists
                0x0000000000000000       0x16 /opt/riscv/lib/gcc/riscv64-unknown-elf/15.2.0/rv64im/lp64/libgcc.a(_clzsi2.o)

.debug_line     0x0000000000000000      0x150
 .debug_line    0x0000000000000000      0x103 /opt/riscv/lib/gcc/riscv64-unknown-elf/15.2.0/rv64im/lp64/libgcc.a(_clzsi2.o)
 .debug_line    0x0000000000000103       0x4d /opt/riscv/lib/gcc/riscv64-unknown-elf/15.2.0/rv64im/lp64/libgcc.a(_clz.o)

.debug_str      0x0000000000000000      0x187
 .debug_str     0x0000000000000000      0x187 /opt/riscv/lib/gcc/riscv64-unknown-elf/15.2.0/rv64im/lp64/libgcc.a(_clzsi2.o)
                                        0x1e9 (size before relaxing)
 .debug_str     0x0000000000000187        0x0 /opt/riscv/lib/gcc/riscv64-unknown-elf/15.2.0/rv64im/lp64/libgcc.a(_clz.o)
                                        0x1cc (size before relaxing)

.debug_line_str
                0x0000000000000000       0xaa
 .debug_line_str
                0x0000000000000000       0xaa /opt/riscv/lib/gcc/riscv64-unknown-elf/15.2.0/rv64im/lp64/libgcc.a(_clzsi2.o)
                                         0xb4 (size before relaxing)
 .debug_line_str
                0x00000000000000aa        0x0 /opt/riscv/lib/gcc/riscv64-unknown-elf/15.2.0/rv64im/lp64/libgcc.a(_clz.o)
                                         0xb4 (size before relaxing)

.debug_frame    0x0000000000000000       0x28
 .debug_frame   0x0000000000000000       0x28 /opt/riscv/lib/gcc/riscv64-unknown-elf/15.2.0/rv64im/lp64/libgcc.a(_clzsi2.o)
