Copyright 1986-2022 Xilinx, Inc. All Rights Reserved. Copyright 2022-2025 Advanced Micro Devices, Inc. All Rights Reserved.
----------------------------------------------------------------------------------------------------------------------------------------------------------------------------
| Tool Version     : Vivado v.2025.2 (lin64) Build 6299465 Fri Nov 14 12:34:56 MST 2025
| Date             : Sat May  9 19:25:27 2026
| Host             : khwl-ThinkPad-X1-Carbon-Gen-13 running 64-bit Ubuntu 24.04.4 LTS
| Command          : report_power -file RV32IM54F8SPSoCTOP_power_routed.rpt -pb RV32IM54F8SPSoCTOP_power_summary_routed.pb -rpx RV32IM54F8SPSoCTOP_power_routed.rpx
| Design           : RV32IM54F8SPSoCTOP
| Device           : xc7a200tsbg484-1
| Design State     : routed
| Grade            : commercial
| Process          : typical
| Characterization : Production
----------------------------------------------------------------------------------------------------------------------------------------------------------------------------

Power Report

Table of Contents
-----------------
1. Summary
1.1 On-Chip Components
1.2 Power Supply Summary
1.3 Confidence Level
2. Settings
2.1 Environment
2.2 Clock Constraints
3. Detailed Reports
3.1 By Hierarchy

1. Summary
----------

+--------------------------+--------------+
| Total On-Chip Power (W)  | 0.419        |
| Design Power Budget (W)  | Unspecified* |
| Power Budget Margin (W)  | NA           |
| Dynamic (W)              | 0.267        |
| Device Static (W)        | 0.153        |
| Effective TJA (C/W)      | 3.3          |
| Max Ambient (C)          | 83.6         |
| Junction Temperature (C) | 26.4         |
| Confidence Level         | Medium       |
| Setting File             | ---          |
| Simulation Activity File | ---          |
| Design Nets Matched      | NA           |
+--------------------------+--------------+
* Specify Design Power Budget using, set_operating_conditions -design_power_budget <value in Watts>


1.1 On-Chip Components
----------------------

+--------------------------+-----------+----------+-----------+-----------------+
| On-Chip                  | Power (W) | Used     | Available | Utilization (%) |
+--------------------------+-----------+----------+-----------+-----------------+
| Clocks                   |     0.011 |        7 |       --- |             --- |
| Slice Logic              |     0.003 |     6925 |       --- |             --- |
|   LUT as Logic           |     0.003 |     3455 |    133800 |            2.58 |
|   CARRY4                 |    <0.001 |      210 |     33450 |            0.63 |
|   Register               |    <0.001 |     2631 |    267600 |            0.98 |
|   LUT as Distributed RAM |    <0.001 |       44 |     46200 |            0.10 |
|   F7/F8 Muxes            |    <0.001 |       84 |    133800 |            0.06 |
|   Others                 |     0.000 |       67 |       --- |             --- |
| Signals                  |     0.006 |     6017 |       --- |             --- |
| Block RAM                |     0.009 |       11 |       365 |            3.01 |
| PLL                      |     0.103 |        1 |        10 |           10.00 |
| DSPs                     |    <0.001 |        4 |       740 |            0.54 |
| I/O                      |     0.133 |       21 |       285 |            7.37 |
| Static Power             |     0.153 |          |           |                 |
| Total                    |     0.419 |          |           |                 |
+--------------------------+-----------+----------+-----------+-----------------+


1.2 Power Supply Summary
------------------------

+-----------+-------------+-----------+-------------+------------+-------------+-------------+------------+
| Source    | Voltage (V) | Total (A) | Dynamic (A) | Static (A) | Powerup (A) | Budget (A)  | Margin (A) |
+-----------+-------------+-----------+-------------+------------+-------------+-------------+------------+
| Vccint    |       1.000 |     0.068 |       0.037 |      0.032 |       NA    | Unspecified | NA         |
| Vccaux    |       1.800 |     0.084 |       0.054 |      0.031 |       NA    | Unspecified | NA         |
| Vcco33    |       3.300 |     0.045 |       0.040 |      0.005 |       NA    | Unspecified | NA         |
| Vcco25    |       2.500 |     0.005 |       0.000 |      0.005 |       NA    | Unspecified | NA         |
| Vcco18    |       1.800 |     0.000 |       0.000 |      0.000 |       NA    | Unspecified | NA         |
| Vcco15    |       1.500 |     0.000 |       0.000 |      0.000 |       NA    | Unspecified | NA         |
| Vcco135   |       1.350 |     0.000 |       0.000 |      0.000 |       NA    | Unspecified | NA         |
| Vcco12    |       1.200 |     0.000 |       0.000 |      0.000 |       NA    | Unspecified | NA         |
| Vccaux_io |       1.800 |     0.000 |       0.000 |      0.000 |       NA    | Unspecified | NA         |
| Vccbram   |       1.000 |     0.002 |       0.001 |      0.001 |       NA    | Unspecified | NA         |
| MGTAVcc   |       1.000 |     0.000 |       0.000 |      0.000 |       NA    | Unspecified | NA         |
| MGTAVtt   |       1.200 |     0.000 |       0.000 |      0.000 |       NA    | Unspecified | NA         |
| Vccadc    |       1.800 |     0.020 |       0.000 |      0.020 |       NA    | Unspecified | NA         |
+-----------+-------------+-----------+-------------+------------+-------------+-------------+------------+


1.3 Confidence Level
--------------------

+-----------------------------+------------+-------------------------------------------------------+------------------------------------------------------------------------------------------------------------+
| User Input Data             | Confidence | Details                                               | Action                                                                                                     |
+-----------------------------+------------+-------------------------------------------------------+------------------------------------------------------------------------------------------------------------+
| Design implementation state | High       | Design is routed                                      |                                                                                                            |
| Clock nodes activity        | High       | User specified more than 95% of clocks                |                                                                                                            |
| I/O nodes activity          | Medium     | More than 5% of inputs are missing user specification | Provide missing input activity with simulation results or by editing the "By Resource Type -> I/Os" view   |
| Internal nodes activity     | Medium     | User specified less than 25% of internal nodes        | Provide missing internal nodes activity with simulation results or by editing the "By Resource Type" views |
| Device models               | High       | Device models are Production                          |                                                                                                            |
|                             |            |                                                       |                                                                                                            |
| Overall confidence level    | Medium     |                                                       |                                                                                                            |
+-----------------------------+------------+-------------------------------------------------------+------------------------------------------------------------------------------------------------------------+


2. Settings
-----------

2.1 Environment
---------------

+-----------------------+--------------------------+
| Ambient Temp (C)      | 25.0                     |
| ThetaJA (C/W)         | 3.3                      |
| Airflow (LFM)         | 250                      |
| Heat Sink             | medium (Medium Profile)  |
| ThetaSA (C/W)         | 4.6                      |
| Board Selection       | medium (10"x10")         |
| # of Board Layers     | 12to15 (12 to 15 Layers) |
| Board Temperature (C) | 25.0                     |
+-----------------------+--------------------------+


2.2 Clock Constraints
---------------------

+----------------------+----------------------------------+-----------------+
| Clock                | Domain                           | Constraint (ns) |
+----------------------+----------------------------------+-----------------+
| clk_out1_clk_wiz_0_1 | pll_inst/inst/clk_out1_clk_wiz_0 |            40.0 |
| clk_out2_clk_wiz_0_1 | pll_inst/inst/clk_out2_clk_wiz_0 |             8.0 |
| clk_out3_clk_wiz_0_1 | pll_inst/inst/clk_out3_clk_wiz_0 |            10.0 |
| clkfbout_clk_wiz_0_1 | pll_inst/inst/clkfbout_clk_wiz_0 |            10.0 |
| sys_clk_pin          | CLK100MHZ                        |            10.0 |
+----------------------+----------------------------------+-----------------+


3. Detailed Reports
-------------------

3.1 By Hierarchy
----------------

+--------------------------------------+-----------+
| Name                                 | Power (W) |
+--------------------------------------+-----------+
| RV32IM54F8SPSoCTOP                   |     0.267 |
|   cpu                                |     0.025 |
|     alu                              |     0.002 |
|       multiplier_word                |     0.001 |
|     csr_file                         |     0.002 |
|     data_memory                      |     0.007 |
|     ex_ex2_register                  |     0.002 |
|     ex_mem_register                  |     0.001 |
|     exr_ex_register                  |     0.002 |
|     id_exr_register                  |     0.002 |
|     instruction_memory               |     0.002 |
|     trap_controller                  |     0.002 |
|   hdmi_encoder                       |     0.134 |
|     U0                               |     0.134 |
|       ClockSerializer                |     0.033 |
|       DataEncoders[0].DataSerializer |     0.033 |
|       DataEncoders[1].DataSerializer |     0.034 |
|       DataEncoders[2].DataSerializer |     0.034 |
|   pll_inst                           |     0.104 |
|     inst                             |     0.104 |
+--------------------------------------+-----------+


