Copyright 1986-2022 Xilinx, Inc. All Rights Reserved. Copyright 2022-2025 Advanced Micro Devices, Inc. All Rights Reserved.
---------------------------------------------------------------------------------------------------------------------------------------------
| Tool Version : Vivado v.2025.2 (lin64) Build 6299465 Fri Nov 14 12:34:56 MST 2025
| Date         : Sat May  9 19:24:54 2026
| Host         : khwl-ThinkPad-X1-Carbon-Gen-13 running 64-bit Ubuntu 24.04.4 LTS
| Command      : report_control_sets -verbose -file RV32IM54F8SPSoCTOP_control_sets_placed.rpt
| Design       : RV32IM54F8SPSoCTOP
| Device       : xc7a200t
---------------------------------------------------------------------------------------------------------------------------------------------

Control Set Information

Table of Contents
-----------------
1. Summary
2. Histogram
3. Flip-Flop Distribution
4. Detailed Control Set Information

1. Summary
----------

+----------------------------------------------------------+-------+
|                          Status                          | Count |
+----------------------------------------------------------+-------+
| Total control sets                                       |    53 |
|    Minimum number of control sets                        |    53 |
|    Addition due to synthesis replication                 |     0 |
|    Addition due to physical synthesis replication        |     0 |
| Unused register locations in slices containing registers |   145 |
+----------------------------------------------------------+-------+
* Control sets can be merged at opt_design using control_set_merge or merge_equivalent_drivers
** Run report_qor_suggestions for automated merging and remapping suggestions


2. Histogram
------------

+--------------------+-------+
|       Fanout       | Count |
+--------------------+-------+
| Total control sets |    53 |
| >= 0 to < 4        |     3 |
| >= 4 to < 6        |     4 |
| >= 6 to < 8        |     1 |
| >= 8 to < 10       |     5 |
| >= 10 to < 12      |     4 |
| >= 12 to < 14      |     3 |
| >= 14 to < 16      |     0 |
| >= 16              |    33 |
+--------------------+-------+
* Control sets can be remapped at either synth_design or opt_design


3. Flip-Flop Distribution
-------------------------

+--------------+-----------------------+------------------------+-----------------+--------------+
| Clock Enable | Synchronous Set/Reset | Asynchronous Set/Reset | Total Registers | Total Slices |
+--------------+-----------------------+------------------------+-----------------+--------------+
| No           | No                    | No                     |             106 |           41 |
| No           | No                    | Yes                    |              49 |           28 |
| No           | Yes                   | No                     |              60 |           26 |
| Yes          | No                    | No                     |              12 |            5 |
| Yes          | No                    | Yes                    |             936 |          362 |
| Yes          | Yes                   | No                     |            1468 |          423 |
+--------------+-----------------------+------------------------+-----------------+--------------+


4. Detailed Control Set Information
-----------------------------------

+-------------------------+-----------------------------------------------------+-----------------------------------------------------------------------+------------------+----------------+--------------+
|       Clock Signal      |                    Enable Signal                    |                            Set/Reset Signal                           | Slice Load Count | Bel Load Count | Bels / Slice |
+-------------------------+-----------------------------------------------------+-----------------------------------------------------------------------+------------------+----------------+--------------+
|  pll_inst/inst/clk_out3 | uart_tx_inst/tx_i_1_n_0                             | sys_reset                                                             |                1 |              1 |         1.00 |
|  pll_inst/inst/clk_out1 |                                                     | rst_pix_sync[2]_i_1_n_0                                               |                2 |              3 |         1.50 |
|  pll_inst/inst/clk_out3 |                                                     | rst_pix_sync[2]_i_1_n_0                                               |                2 |              3 |         1.50 |
|  pll_inst/inst/clk_out3 | cpu/exception_detector/E[0]                         | sys_reset                                                             |                1 |              4 |         4.00 |
|  pll_inst/inst/clk_out3 | cpu/alu/divider_word/FSM_onehot_state[3]_i_1_n_0    | sys_reset                                                             |                1 |              4 |         4.00 |
|  pll_inst/inst/clk_out3 | uart_tx_inst/bit_counter[3]_i_1__0_n_0              | sys_reset                                                             |                2 |              4 |         2.00 |
|  pll_inst/inst/clk_out3 | cpu/alu/multiplier_word/FSM_onehot_stage[3]_i_1_n_0 | sys_reset                                                             |                1 |              4 |         4.00 |
|  pll_inst/inst/clk_out3 |                                                     |                                                                       |                6 |              6 |         1.00 |
|  pll_inst/inst/clk_out3 | cpu/ex_mem_register/MEM_memory_write_reg_0[0]       | sys_reset                                                             |                3 |              8 |         2.67 |
|  pll_inst/inst/clk_out3 | kb_scancode_sys0                                    | sys_reset                                                             |                5 |              8 |         1.60 |
|  pll_inst/inst/clk_out1 | ps2/valid1_out                                      | pix_reset                                                             |                2 |              8 |         4.00 |
|  pll_inst/inst/clk_out1 | ps2/E[0]                                            | pix_reset                                                             |                4 |              9 |         2.25 |
|  pll_inst/inst/clk_out3 | uart_tx_inst/shift_reg[8]_i_1_n_0                   | sys_reset                                                             |                3 |              9 |         3.00 |
|  pll_inst/inst/clk_out3 | mmio/uart_tx_start_reg_0[0]                         | sys_reset                                                             |                4 |             10 |         2.50 |
|  pll_inst/inst/clk_out1 | v_cnt[0]                                            | pix_reset                                                             |                4 |             10 |         2.50 |
|  pll_inst/inst/clk_out1 | vga/vcnt[0]                                         | pix_reset                                                             |                5 |             10 |         2.00 |
|  pll_inst/inst/clk_out1 |                                                     | hdmi_encoder/U0/DataEncoders[0].DataEncoder/pDataOutRaw[9]_i_1__1_n_0 |                3 |             10 |         3.33 |
|  pll_inst/inst/clk_out3 | LED_OBUF[0]                                         |                                                                       |                5 |             12 |         2.40 |
|  pll_inst/inst/clk_out1 | ps2/ps2_negedge                                     | pix_reset                                                             |                3 |             13 |         4.33 |
|  pll_inst/inst/clk_out3 | LED_OBUF[0]                                         | cpu/ex_ex2_register/ID_branch_estimation0_out                         |                5 |             13 |         2.60 |
|  pll_inst/inst/clk_out1 | inhibit_timer[22]_i_1_n_0                           | pix_reset                                                             |                7 |             23 |         3.29 |
|  pll_inst/inst/clk_out1 |                                                     | pix_reset                                                             |               11 |             24 |         2.18 |
|  pll_inst/inst/clk_out3 | cpu/trap_controller/WB_raw_imm_reg[2][0]            | sys_reset                                                             |               12 |             32 |         2.67 |
|  pll_inst/inst/clk_out3 | cpu/trap_controller/WB_raw_imm_reg[1][0]            | sys_reset                                                             |               11 |             32 |         2.91 |
|  pll_inst/inst/clk_out3 | cpu/trap_controller/cpu_clk_enable_reg[0]           | sys_reset                                                             |               19 |             32 |         1.68 |
|  pll_inst/inst/clk_out3 | cpu/trap_controller/WB_raw_imm_reg[0]_0[0]          | sys_reset                                                             |                9 |             32 |         3.56 |
|  pll_inst/inst/clk_out3 | cpu/trap_controller/WB_raw_imm_reg[0][0]            | sys_reset                                                             |               11 |             32 |         2.91 |
|  pll_inst/inst/clk_out3 | cpu/trap_controller/E[0]                            | sys_reset                                                             |               10 |             32 |         3.20 |
|  pll_inst/inst/clk_out3 | cpu/id_exr_register/RDEN                            | sys_reset                                                             |                6 |             32 |         5.33 |
|  pll_inst/inst/clk_out3 | cpu/ex_mem_register/MEM_alu_result_reg[8]_0[0]      | sys_reset                                                             |               12 |             32 |         2.67 |
|  pll_inst/inst/clk_out1 |                                                     | hdmi_encoder/U0/DataEncoders[0].DataEncoder/SR[0]                     |               16 |             32 |         2.00 |
|  pll_inst/inst/clk_out3 | cpu/ex_mem_register/MEM_alu_result_reg[3]_0[1]      | sys_reset                                                             |               15 |             32 |         2.13 |
|  pll_inst/inst/clk_out3 | cpu/ex_mem_register/MEM_alu_result_reg[3]_0[0]      | sys_reset                                                             |               13 |             32 |         2.46 |
|  pll_inst/inst/clk_out3 | cpu/ex_mem_register/MEM_alu_result_reg[8]_0[1]      | sys_reset                                                             |               13 |             32 |         2.46 |
|  pll_inst/inst/clk_out3 | cpu/trap_controller/cpu_clk_enable_reg_1[0]         | cpu/trap_controller/SR[0]                                             |               20 |             33 |         1.65 |
|  pll_inst/inst/clk_out3 | cpu/exr_ex_register/cpu_clk_enable_reg[0]           | sys_reset                                                             |               18 |             34 |         1.89 |
|  pll_inst/inst/clk_out3 | cpu/alu/divider_word/quotient_sign4_out             | sys_reset                                                             |               12 |             34 |         2.83 |
|  pll_inst/inst/clk_out3 |                                                     | sys_reset                                                             |               20 |             37 |         1.85 |
|  pll_inst/inst/clk_out3 | cpu/alu/multiplier_word/cpu_clk_enable_reg          | sys_reset                                                             |               13 |             37 |         2.85 |
|  pll_inst/inst/clk_out3 | cpu/id_exr_register/cpu_clk_enable_reg[0]           | sys_reset                                                             |               24 |             38 |         1.58 |
|  pll_inst/inst/clk_out3 | cpu/csr_file/minstret[0]                            | sys_reset                                                             |               17 |             64 |         3.76 |
|  pll_inst/inst/clk_out3 | cpu/alu/divider_word/quotient_reg[31]_i_1_n_0       | sys_reset                                                             |               23 |             64 |         2.78 |
|  pll_inst/inst/clk_out3 | cpu/alu/multiplier_word/prod_low[31]_i_1_n_0        | sys_reset                                                             |               27 |             64 |         2.37 |
|  pll_inst/inst/clk_out3 | cpu/alu/multiplier_word/result_sign_s11_out         | sys_reset                                                             |               30 |             65 |         2.17 |
|  pll_inst/inst/clk_out3 | cpu/alu/divider_word/bit_counter[5]_i_1_n_0         | sys_reset                                                             |               26 |             70 |         2.69 |
|  pll_inst/inst/clk_out3 | cpu/mem_wb_register/p_0_in2_out                     |                                                                       |               11 |             88 |         8.00 |
|  pll_inst/inst/clk_out3 | cpu/if_io_register/IO_pc[31]_i_2_n_0                | cpu/ex_ex2_register/SR[0]                                             |               19 |             96 |         5.05 |
|  pll_inst/inst/clk_out1 |                                                     |                                                                       |               35 |            100 |         2.86 |
|  pll_inst/inst/clk_out3 | LED_OBUF[0]                                         | sys_reset                                                             |               48 |            117 |         2.44 |
|  pll_inst/inst/clk_out3 | cpu/trap_controller/cpu_clk_enable_reg_1[0]         | cpu/ex_ex2_register/EX2_register_write_enable0_out                    |               73 |            266 |         3.64 |
|  pll_inst/inst/clk_out3 | cpu/trap_controller/cpu_clk_enable_reg_1[0]         | cpu/trap_controller/cpu_clk_enable_reg_2[0]                           |               90 |            279 |         3.10 |
|  pll_inst/inst/clk_out3 | cpu/trap_controller/cpu_clk_enable_reg_1[0]         | cpu/ex_ex2_register/cpu_clk_enable_reg_0[0]                           |               79 |            300 |         3.80 |
|  pll_inst/inst/clk_out3 | cpu/id_exr_register/E[0]                            | cpu/ex_ex2_register/ID_branch_estimation0_out                         |               84 |            353 |         4.20 |
+-------------------------+-----------------------------------------------------+-----------------------------------------------------------------------+------------------+----------------+--------------+


