Archive member included to satisfy reference by file (symbol)

/opt/riscv/lib/gcc/riscv64-unknown-elf/15.2.0/rv32im/ilp32/libgcc.a(_lshrdi3.o)
                              main_freertos.o (__lshrdi3)
/opt/riscv/lib/gcc/riscv64-unknown-elf/15.2.0/rv32im/ilp32/libgcc.a(_clzsi2.o)
                              tasks.o (__clzsi2)
/opt/riscv/lib/gcc/riscv64-unknown-elf/15.2.0/rv32im/ilp32/libgcc.a(_udivdi3.o)
                              main_freertos.o (__udivdi3)
/opt/riscv/lib/gcc/riscv64-unknown-elf/15.2.0/rv32im/ilp32/libgcc.a(_umoddi3.o)
                              main_freertos.o (__umoddi3)
/opt/riscv/lib/gcc/riscv64-unknown-elf/15.2.0/rv32im/ilp32/libgcc.a(_clz.o)
                              /opt/riscv/lib/gcc/riscv64-unknown-elf/15.2.0/rv32im/ilp32/libgcc.a(_clzsi2.o) (__clz_tab)

Merging object attributes


Discarded input sections

 .text          0x00000000        0x0 crt0.o
 .data          0x00000000        0x0 crt0.o
 .bss           0x00000000        0x0 crt0.o
 .text          0x00000000        0x0 nosys.o
 .data          0x00000000        0x0 nosys.o
 .bss           0x00000000        0x0 nosys.o
 .text.memcmp   0x00000000       0x30 nosys.o
 .text          0x00000000        0x0 main_freertos.o
 .data          0x00000000        0x0 main_freertos.o
 .bss           0x00000000        0x0 main_freertos.o
 .text.shell_put_hex64
                0x00000000       0xa8 main_freertos.o
 .text          0x00000000        0x0 tasks.o
 .data          0x00000000        0x0 tasks.o
 .bss           0x00000000        0x0 tasks.o
 .text.xTaskResumeFromISR
                0x00000000       0xf8 tasks.o
 .text.vTaskEndScheduler
                0x00000000       0x3c tasks.o
 .text.xTaskGetTickCountFromISR
                0x00000000        0xc tasks.o
 .text.uxTaskGetNumberOfTasks
                0x00000000        0xc tasks.o
 .text.pcTaskGetName
                0x00000000       0x14 tasks.o
 .text.xTaskDelayUntil
                0x00000000       0x98 tasks.o
 .text.xTaskCatchUpTicks
                0x00000000       0x4c tasks.o
 .text.vTaskPlaceOnUnorderedEventList
                0x00000000       0x6c tasks.o
 .text.vTaskRemoveFromUnorderedEventList
                0x00000000       0xf0 tasks.o
 .text.vTaskSetTimeOutState
                0x00000000       0x34 tasks.o
 .text.xTaskGetCurrentTaskHandle
                0x00000000        0xc tasks.o
 .text.xTaskGetCurrentTaskHandleForCore
                0x00000000       0x18 tasks.o
 .text.xTaskGetSchedulerState
                0x00000000       0x24 tasks.o
 .text.uxTaskResetEventItemValue
                0x00000000       0x28 tasks.o
 .text.ulTaskGenericNotifyTake
                0x00000000      0x12c tasks.o
 .text.xTaskGenericNotifyWait
                0x00000000      0x180 tasks.o
 .text.xTaskGenericNotify
                0x00000000      0x178 tasks.o
 .text.xTaskGenericNotifyFromISR
                0x00000000      0x198 tasks.o
 .text.vTaskGenericNotifyGiveFromISR
                0x00000000      0x120 tasks.o
 .text.xTaskGenericNotifyStateClear
                0x00000000       0x40 tasks.o
 .text.ulTaskGenericNotifyValueClear
                0x00000000       0x40 tasks.o
 .text.vTaskResetState
                0x00000000       0x64 tasks.o
 .text          0x00000000        0x0 queue.o
 .data          0x00000000        0x0 queue.o
 .bss           0x00000000        0x0 queue.o
 .text.xQueueGenericSendFromISR
                0x00000000       0xb4 queue.o
 .text.xQueueGiveFromISR
                0x00000000       0xa0 queue.o
 .text.xQueuePeek
                0x00000000      0x1d0 queue.o
 .text.xQueueReceiveFromISR
                0x00000000       0xb0 queue.o
 .text.xQueuePeekFromISR
                0x00000000       0x4c queue.o
 .text.uxQueueMessagesWaiting
                0x00000000       0x1c queue.o
 .text.uxQueueSpacesAvailable
                0x00000000       0x24 queue.o
 .text.uxQueueMessagesWaitingFromISR
                0x00000000        0x8 queue.o
 .text.vQueueDelete
                0x00000000        0x8 queue.o
 .text.uxQueueGetQueueItemSize
                0x00000000        0x8 queue.o
 .text.uxQueueGetQueueLength
                0x00000000        0x8 queue.o
 .text.xQueueIsQueueEmptyFromISR
                0x00000000        0xc queue.o
 .text.xQueueIsQueueFullFromISR
                0x00000000       0x14 queue.o
 .text          0x00000000        0x0 list.o
 .data          0x00000000        0x0 list.o
 .bss           0x00000000        0x0 list.o
 .text          0x00000000        0x0 port.o
 .data          0x00000000        0x0 port.o
 .bss           0x00000000        0x0 port.o
 .text.vPortEndScheduler
                0x00000000        0x4 port.o
 .data          0x00000000        0x0 portASM.o
 .bss           0x00000000        0x0 portASM.o
 .text.freertos_risc_v_exception_handler
                0x00000000      0x20c portASM.o
 .text.freertos_risc_v_interrupt_handler
                0x00000000      0x154 portASM.o
 .text.freertos_risc_v_mtimer_interrupt_handler
                0x00000000      0x1a4 portASM.o
 .text          0x00000000        0x0 heap_4.o
 .data          0x00000000        0x0 heap_4.o
 .bss           0x00000000        0x0 heap_4.o
 .text.xPortGetMinimumEverFreeHeapSize
                0x00000000        0xc heap_4.o
 .text.xPortResetHeapMinimumEverFreeHeapSize
                0x00000000       0x14 heap_4.o
 .text.vPortInitialiseBlocks
                0x00000000        0x4 heap_4.o
 .text.pvPortCalloc
                0x00000000       0x5c heap_4.o
 .text.vPortGetHeapStats
                0x00000000       0xf0 heap_4.o
 .text.vPortHeapResetState
                0x00000000       0x2c heap_4.o
 .text          0x00000000        0x0 rhealstone_task_switch.o
 .data          0x00000000        0x0 rhealstone_task_switch.o
 .bss           0x00000000        0x0 rhealstone_task_switch.o
 .text          0x00000000        0x0 rhealstone_task_preempt.o
 .data          0x00000000        0x0 rhealstone_task_preempt.o
 .bss           0x00000000        0x0 rhealstone_task_preempt.o
 .text          0x00000000        0x0 rhealstone_message_latency.o
 .data          0x00000000        0x0 rhealstone_message_latency.o
 .bss           0x00000000        0x0 rhealstone_message_latency.o
 .text          0x00000000        0x0 rhealstone_semaphore_shuffle.o
 .data          0x00000000        0x0 rhealstone_semaphore_shuffle.o
 .bss           0x00000000        0x0 rhealstone_semaphore_shuffle.o
 .text          0x00000000        0x0 rhealstone_deadlock_break.o
 .data          0x00000000        0x0 rhealstone_deadlock_break.o
 .bss           0x00000000        0x0 rhealstone_deadlock_break.o
 .text          0x00000000        0x0 rhealstone_interrupt_latency.o
 .data          0x00000000        0x0 rhealstone_interrupt_latency.o
 .bss           0x00000000        0x0 rhealstone_interrupt_latency.o
 .text          0x00000000       0x3c /opt/riscv/lib/gcc/riscv64-unknown-elf/15.2.0/rv32im/ilp32/libgcc.a(_lshrdi3.o)
 .data          0x00000000        0x0 /opt/riscv/lib/gcc/riscv64-unknown-elf/15.2.0/rv32im/ilp32/libgcc.a(_lshrdi3.o)
 .bss           0x00000000        0x0 /opt/riscv/lib/gcc/riscv64-unknown-elf/15.2.0/rv32im/ilp32/libgcc.a(_lshrdi3.o)
 .debug_info    0x00000000      0x1bf /opt/riscv/lib/gcc/riscv64-unknown-elf/15.2.0/rv32im/ilp32/libgcc.a(_lshrdi3.o)
 .debug_abbrev  0x00000000      0x114 /opt/riscv/lib/gcc/riscv64-unknown-elf/15.2.0/rv32im/ilp32/libgcc.a(_lshrdi3.o)
 .debug_loclists
                0x00000000       0x9b /opt/riscv/lib/gcc/riscv64-unknown-elf/15.2.0/rv32im/ilp32/libgcc.a(_lshrdi3.o)
 .debug_aranges
                0x00000000       0x20 /opt/riscv/lib/gcc/riscv64-unknown-elf/15.2.0/rv32im/ilp32/libgcc.a(_lshrdi3.o)
 .debug_rnglists
                0x00000000       0x13 /opt/riscv/lib/gcc/riscv64-unknown-elf/15.2.0/rv32im/ilp32/libgcc.a(_lshrdi3.o)
 .debug_line    0x00000000       0xed /opt/riscv/lib/gcc/riscv64-unknown-elf/15.2.0/rv32im/ilp32/libgcc.a(_lshrdi3.o)
 .debug_str     0x00000000      0x1ef /opt/riscv/lib/gcc/riscv64-unknown-elf/15.2.0/rv32im/ilp32/libgcc.a(_lshrdi3.o)
 .debug_line_str
                0x00000000       0xb5 /opt/riscv/lib/gcc/riscv64-unknown-elf/15.2.0/rv32im/ilp32/libgcc.a(_lshrdi3.o)
 .comment       0x00000000       0x1a /opt/riscv/lib/gcc/riscv64-unknown-elf/15.2.0/rv32im/ilp32/libgcc.a(_lshrdi3.o)
 .note.GNU-stack
                0x00000000        0x0 /opt/riscv/lib/gcc/riscv64-unknown-elf/15.2.0/rv32im/ilp32/libgcc.a(_lshrdi3.o)
 .debug_frame   0x00000000       0x20 /opt/riscv/lib/gcc/riscv64-unknown-elf/15.2.0/rv32im/ilp32/libgcc.a(_lshrdi3.o)
 .riscv.attributes
                0x00000000       0x2a /opt/riscv/lib/gcc/riscv64-unknown-elf/15.2.0/rv32im/ilp32/libgcc.a(_lshrdi3.o)
 .data          0x00000000        0x0 /opt/riscv/lib/gcc/riscv64-unknown-elf/15.2.0/rv32im/ilp32/libgcc.a(_clzsi2.o)
 .bss           0x00000000        0x0 /opt/riscv/lib/gcc/riscv64-unknown-elf/15.2.0/rv32im/ilp32/libgcc.a(_clzsi2.o)
 .data          0x00000000        0x0 /opt/riscv/lib/gcc/riscv64-unknown-elf/15.2.0/rv32im/ilp32/libgcc.a(_udivdi3.o)
 .bss           0x00000000        0x0 /opt/riscv/lib/gcc/riscv64-unknown-elf/15.2.0/rv32im/ilp32/libgcc.a(_udivdi3.o)
 .eh_frame      0x00000000       0x28 /opt/riscv/lib/gcc/riscv64-unknown-elf/15.2.0/rv32im/ilp32/libgcc.a(_udivdi3.o)
 .data          0x00000000        0x0 /opt/riscv/lib/gcc/riscv64-unknown-elf/15.2.0/rv32im/ilp32/libgcc.a(_umoddi3.o)
 .bss           0x00000000        0x0 /opt/riscv/lib/gcc/riscv64-unknown-elf/15.2.0/rv32im/ilp32/libgcc.a(_umoddi3.o)
 .eh_frame      0x00000000       0x28 /opt/riscv/lib/gcc/riscv64-unknown-elf/15.2.0/rv32im/ilp32/libgcc.a(_umoddi3.o)
 .text          0x00000000        0x0 /opt/riscv/lib/gcc/riscv64-unknown-elf/15.2.0/rv32im/ilp32/libgcc.a(_clz.o)
 .data          0x00000000        0x0 /opt/riscv/lib/gcc/riscv64-unknown-elf/15.2.0/rv32im/ilp32/libgcc.a(_clz.o)
 .bss           0x00000000        0x0 /opt/riscv/lib/gcc/riscv64-unknown-elf/15.2.0/rv32im/ilp32/libgcc.a(_clz.o)

Memory Configuration

Name             Origin             Length             Attributes
ROM              0x00000000         0x00008000         xr
RAM              0x10000000         0x00008000         xrw
*default*        0x00000000         0xffffffff

Linker script and memory map

LOAD crt0.o
LOAD nosys.o
LOAD main_freertos.o
LOAD tasks.o
LOAD queue.o
LOAD list.o
LOAD port.o
LOAD portASM.o
LOAD heap_4.o
LOAD rhealstone_task_switch.o
LOAD rhealstone_task_preempt.o
LOAD rhealstone_message_latency.o
LOAD rhealstone_semaphore_shuffle.o
LOAD rhealstone_deadlock_break.o
LOAD rhealstone_interrupt_latency.o
LOAD /opt/riscv/lib/gcc/riscv64-unknown-elf/15.2.0/rv32im/ilp32/libgcc.a

.text           0x00000000     0x55f4
 *(.text.init)
 .text.init     0x00000000       0x78 crt0.o
                0x00000000                _start
 *(.text .text.*)
 .text.memset   0x00000078       0x1c nosys.o
                0x00000078                memset
 .text.memcpy   0x00000094       0x24 nosys.o
                0x00000094                memcpy
 .text.vram_putc
                0x000000b8       0xf0 main_freertos.o
 .text.vram_clear_all
                0x000001a8       0x30 main_freertos.o
 .text.my_strcmp
                0x000001d8       0x24 main_freertos.o
 .text.my_strcpy
                0x000001fc       0x18 main_freertos.o
 .text.hex2uint
                0x00000214       0x8c main_freertos.o
 .text.uint2hex
                0x000002a0       0x4c main_freertos.o
 .text.cmd_clear
                0x000002ec        0x4 main_freertos.o
 .text.uint2str.part.0
                0x000002f0       0x68 main_freertos.o
 .text.uint2str
                0x00000358       0x18 main_freertos.o
 .text.puts_all
                0x00000370       0x60 main_freertos.o
 .text.print_hex_line
                0x000003d0       0x4c main_freertos.o
 .text.cmd_csr  0x0000041c       0xa8 main_freertos.o
 .text.dhrystone_run
                0x000004c4      0x19c main_freertos.o
 .text.cmd_bench
                0x00000660        0x4 main_freertos.o
 .text.cmd_help
                0x00000664       0xdc main_freertos.o
 .text.cmd_echo
                0x00000740       0x84 main_freertos.o
 .text.cmd_info
                0x000007c4       0x4c main_freertos.o
 .text.cmd_memr
                0x00000810       0xa8 main_freertos.o
 .text.cmd_memw
                0x000008b8       0xb4 main_freertos.o
 .text.cmd_dump
                0x0000096c      0x1cc main_freertos.o
 .text.cmd_history
                0x00000b38       0xdc main_freertos.o
 .text.cmd_fill
                0x00000c14       0x50 main_freertos.o
 .text.run_command
                0x00000c64       0xe4 main_freertos.o
 .text.Shell_Task
                0x00000d48      0x1e4 main_freertos.o
                0x00000d48                Shell_Task
 .text.cmd_rheal
                0x00000f2c      0x18c main_freertos.o
 .text.cmd_free
                0x000010b8       0x4c main_freertos.o
 .text.cmd_uptime
                0x00001104       0x88 main_freertos.o
 .text.cmd_repeat
                0x0000118c      0x1a0 main_freertos.o
 .text.shell_puts
                0x0000132c        0x4 main_freertos.o
                0x0000132c                shell_puts
 .text.shell_put_u64
                0x00001330      0x104 main_freertos.o
                0x00001330                shell_put_u64
 .text.startup.main
                0x00001434       0x98 main_freertos.o
                0x00001434                main
 .text.prvAddCurrentTaskToDelayedList
                0x000014cc      0x150 tasks.o
 .text.prvTaskIsTaskSuspended
                0x0000161c       0x34 tasks.o
 .text.prvResetNextTaskUnblockTime
                0x00001650       0x30 tasks.o
 .text.prvCheckTasksWaitingTermination
                0x00001680       0xb4 tasks.o
 .text.prvIdleTask
                0x00001734       0x28 tasks.o
 .text.xTaskCreate
                0x0000175c      0x2a0 tasks.o
                0x0000175c                xTaskCreate
 .text.vTaskDelete
                0x000019fc      0x154 tasks.o
                0x000019fc                vTaskDelete
 .text.vTaskResume
                0x00001b50       0xec tasks.o
                0x00001b50                vTaskResume
 .text.vTaskStartScheduler
                0x00001c3c       0x98 tasks.o
                0x00001c3c                vTaskStartScheduler
 .text.vTaskSuspendAll
                0x00001cd4       0x14 tasks.o
                0x00001cd4                vTaskSuspendAll
 .text.xTaskGetTickCount
                0x00001ce8        0xc tasks.o
                0x00001ce8                xTaskGetTickCount
 .text.xTaskIncrementTick
                0x00001cf4      0x1fc tasks.o
                0x00001cf4                xTaskIncrementTick
 .text.xTaskResumeAll
                0x00001ef0      0x1e0 tasks.o
                0x00001ef0                xTaskResumeAll
 .text.vTaskDelay
                0x000020d0       0x40 tasks.o
                0x000020d0                vTaskDelay
 .text.vTaskSwitchContext
                0x00002110       0x88 tasks.o
                0x00002110                vTaskSwitchContext
 .text.vTaskSuspend
                0x00002198      0x164 tasks.o
                0x00002198                vTaskSuspend
 .text.vTaskPlaceOnEventList
                0x000022fc       0x38 tasks.o
                0x000022fc                vTaskPlaceOnEventList
 .text.xTaskRemoveFromEventList
                0x00002334      0x128 tasks.o
                0x00002334                xTaskRemoveFromEventList
 .text.vTaskInternalSetTimeOutState
                0x0000245c       0x1c tasks.o
                0x0000245c                vTaskInternalSetTimeOutState
 .text.xTaskCheckForTimeOut
                0x00002478       0x90 tasks.o
                0x00002478                xTaskCheckForTimeOut
 .text.vTaskMissedYield
                0x00002508       0x10 tasks.o
                0x00002508                vTaskMissedYield
 .text.xTaskPriorityInherit
                0x00002518      0x134 tasks.o
                0x00002518                xTaskPriorityInherit
 .text.xTaskPriorityDisinherit
                0x0000264c       0xe0 tasks.o
                0x0000264c                xTaskPriorityDisinherit
 .text.vTaskPriorityDisinheritAfterTimeout
                0x0000272c      0x108 tasks.o
                0x0000272c                vTaskPriorityDisinheritAfterTimeout
 .text.pvTaskIncrementMutexHeldCount
                0x00002834       0x1c tasks.o
                0x00002834                pvTaskIncrementMutexHeldCount
 .text.prvIsQueueEmpty
                0x00002850       0x20 queue.o
 .text.prvCopyDataToQueue
                0x00002870       0xd8 queue.o
 .text.prvCopyDataFromQueue
                0x00002948       0x34 queue.o
 .text.prvUnlockQueue
                0x0000297c       0xfc queue.o
 .text.xQueueGenericReset
                0x00002a78       0xe0 queue.o
                0x00002a78                xQueueGenericReset
 .text.xQueueGenericCreate
                0x00002b58       0x88 queue.o
                0x00002b58                xQueueGenericCreate
 .text.xQueueGenericSend
                0x00002be0      0x1b8 queue.o
                0x00002be0                xQueueGenericSend
 .text.xQueueCreateMutex
                0x00002d98       0x54 queue.o
                0x00002d98                xQueueCreateMutex
 .text.xQueueReceive
                0x00002dec      0x1a0 queue.o
                0x00002dec                xQueueReceive
 .text.xQueueSemaphoreTake
                0x00002f8c      0x218 queue.o
                0x00002f8c                xQueueSemaphoreTake
 .text.vListInitialise
                0x000031a4       0x20 list.o
                0x000031a4                vListInitialise
 .text.vListInitialiseItem
                0x000031c4        0x8 list.o
                0x000031c4                vListInitialiseItem
 .text.vListInsertEnd
                0x000031cc       0x2c list.o
                0x000031cc                vListInsertEnd
 .text.vListInsert
                0x000031f8       0x50 list.o
                0x000031f8                vListInsert
 .text.uxListRemove
                0x00003248       0x34 list.o
                0x00003248                uxListRemove
 .text.vPortSetupTimerInterrupt
                0x0000327c       0x84 port.o
                0x0000327c                vPortSetupTimerInterrupt
 .text.xPortStartScheduler
                0x00003300       0x2c port.o
                0x00003300                xPortStartScheduler
 .text          0x0000332c      0x120 portASM.o
                0x0000332c                pxPortInitialiseStack
                0x0000338c                xPortStartFirstTask
                0x0000342c                freertos_risc_v_application_exception_handler
                0x0000343c                freertos_risc_v_application_interrupt_handler
 *fill*         0x0000344c       0xb4 
 .text.freertos_risc_v_trap_handler
                0x00003500      0x1f0 portASM.o
                0x00003500                freertos_risc_v_trap_handler
 .text.pvPortMalloc
                0x000036f0      0x188 heap_4.o
                0x000036f0                pvPortMalloc
 .text.vPortFree
                0x00003878       0xd8 heap_4.o
                0x00003878                vPortFree
 .text.xPortGetFreeHeapSize
                0x00003950        0xc heap_4.o
                0x00003950                xPortGetFreeHeapSize
 .text.rheal_print_create_failed
                0x0000395c       0x3c rhealstone_task_switch.o
 .text.vSwitchBenchmarkInit
                0x00003998       0xdc rhealstone_task_switch.o
 .text.vSwitchTask01
                0x00003a74       0x9c rhealstone_task_switch.o
 .text.vSwitchTask02
                0x00003b10       0xc4 rhealstone_task_switch.o
 .text.rhealstone_task_switch_start
                0x00003bd4       0x80 rhealstone_task_switch.o
                0x00003bd4                rhealstone_task_switch_start
 .text.rheal_print_create_failed
                0x00003c54       0x3c rhealstone_task_preempt.o
 .text.vPreemptBenchmarkInit
                0x00003c90       0x98 rhealstone_task_preempt.o
 .text.vPreemptTask01
                0x00003d28       0xc0 rhealstone_task_preempt.o
 .text.vPreemptTask02
                0x00003de8       0xdc rhealstone_task_preempt.o
 .text.rhealstone_task_preempt_start
                0x00003ec4       0x80 rhealstone_task_preempt.o
                0x00003ec4                rhealstone_task_preempt_start
 .text.rheal_print_create_failed
                0x00003f44       0x3c rhealstone_message_latency.o
 .text.vMsgBenchmarkInit
                0x00003f80       0xec rhealstone_message_latency.o
 .text.vMsgTask01
                0x0000406c       0xdc rhealstone_message_latency.o
 .text.vMsgTask02
                0x00004148      0x124 rhealstone_message_latency.o
 .text.rhealstone_message_latency_start
                0x0000426c       0x80 rhealstone_message_latency.o
                0x0000426c                rhealstone_message_latency_start
 .text.vSemTask01
                0x000042ec       0x5c rhealstone_semaphore_shuffle.o
 .text.rheal_print_create_failed
                0x00004348       0x3c rhealstone_semaphore_shuffle.o
 .text.vSemBenchmarkInit
                0x00004384       0xec rhealstone_semaphore_shuffle.o
 .text.vSemTask02
                0x00004470      0x1c0 rhealstone_semaphore_shuffle.o
 .text.rhealstone_semaphore_shuffle_start
                0x00004630       0x80 rhealstone_semaphore_shuffle.o
                0x00004630                rhealstone_semaphore_shuffle_start
 .text.vDeadTask03
                0x000046b0       0x9c rhealstone_deadlock_break.o
 .text.vDeadTask02
                0x0000474c       0x24 rhealstone_deadlock_break.o
 .text.rheal_print_create_failed
                0x00004770       0x3c rhealstone_deadlock_break.o
 .text.vDeadBenchmarkInit
                0x000047ac      0x16c rhealstone_deadlock_break.o
 .text.vDeadTask01
                0x00004918      0x19c rhealstone_deadlock_break.o
 .text.rhealstone_deadlock_break_start
                0x00004ab4       0x80 rhealstone_deadlock_break.o
                0x00004ab4                rhealstone_deadlock_break_start
 .text.vIntrLatencyTask
                0x00004b34      0x17c rhealstone_interrupt_latency.o
 .text.vApplicationTickHook
                0x00004cb0       0x50 rhealstone_interrupt_latency.o
                0x00004cb0                vApplicationTickHook
 .text.rhealstone_interrupt_latency_start
                0x00004d00       0xa0 rhealstone_interrupt_latency.o
                0x00004d00                rhealstone_interrupt_latency_start
 .text          0x00004da0       0x4c /opt/riscv/lib/gcc/riscv64-unknown-elf/15.2.0/rv32im/ilp32/libgcc.a(_clzsi2.o)
                0x00004da0                __clzsi2
 .text          0x00004dec      0x3ec /opt/riscv/lib/gcc/riscv64-unknown-elf/15.2.0/rv32im/ilp32/libgcc.a(_udivdi3.o)
                0x00004dec                __udivdi3
 .text          0x000051d8      0x41c /opt/riscv/lib/gcc/riscv64-unknown-elf/15.2.0/rv32im/ilp32/libgcc.a(_umoddi3.o)
                0x000051d8                __umoddi3
                0x000055f4                        . = ALIGN (0x4)

.rodata         0x000055f4      0xc44
 *(.rodata .rodata.*)
 .rodata.uint2hex.str1.4
                0x000055f4      0xa62 main_freertos.o
                                 0x11 (size before relaxing)
 .rodata.print_hex_line.str1.4
                0x00006056        0x0 main_freertos.o
                                  0x6 (size before relaxing)
 .rodata.cmd_csr.str1.4
                0x00006056        0x0 main_freertos.o
                                 0x69 (size before relaxing)
 .rodata.dhrystone_run.str1.4
                0x00006056        0x0 main_freertos.o
                                 0x72 (size before relaxing)
 .rodata.cmd_help.str1.4
                0x00006056        0x0 main_freertos.o
                                0x2ef (size before relaxing)
 .rodata.cmd_echo.str1.4
                0x00006056        0x0 main_freertos.o
                                  0x2 (size before relaxing)
 .rodata.cmd_info.str1.4
                0x00006056        0x0 main_freertos.o
                                 0xd8 (size before relaxing)
 .rodata.cmd_memr.str1.4
                0x00006056        0x0 main_freertos.o
                                 0x46 (size before relaxing)
 .rodata.cmd_memw.str1.4
                0x00006056        0x0 main_freertos.o
                                 0x21 (size before relaxing)
 .rodata.cmd_dump.str1.4
                0x00006056        0x0 main_freertos.o
                                 0x1a (size before relaxing)
 .rodata.cmd_history.str1.4
                0x00006056        0x0 main_freertos.o
                                  0xf (size before relaxing)
 .rodata.cmd_fill.str1.4
                0x00006056        0x0 main_freertos.o
                                 0x1c (size before relaxing)
 .rodata.run_command.str1.4
                0x00006056        0x0 main_freertos.o
                                  0xa (size before relaxing)
 .rodata.Shell_Task.str1.4
                0x00006056        0x0 main_freertos.o
                                 0x4c (size before relaxing)
 .rodata.cmd_rheal.str1.4
                0x00006056        0x0 main_freertos.o
                                 0x9e (size before relaxing)
 .rodata.cmd_free.str1.4
                0x00006056        0x0 main_freertos.o
                                 0x14 (size before relaxing)
 .rodata.cmd_uptime.str1.4
                0x00006056        0x0 main_freertos.o
                                 0x15 (size before relaxing)
 .rodata.cmd_repeat.str1.4
                0x00006056        0x0 main_freertos.o
                                 0x27 (size before relaxing)
 .rodata.main.str1.4
                0x00006056        0x0 main_freertos.o
                                 0x6e (size before relaxing)
 *fill*         0x00006056        0x2 
 .rodata.CSWTCH.95
                0x00006058       0x52 main_freertos.o
 .rodata.str1.4
                0x000060aa        0x0 main_freertos.o
                                 0x72 (size before relaxing)
 *fill*         0x000060aa        0x2 
 .rodata.cmds   0x000060ac       0x80 main_freertos.o
 .rodata.vTaskStartScheduler.str1.4
                0x0000612c        0x0 tasks.o
                                  0x5 (size before relaxing)
 .rodata.rheal_print_create_failed.str1.4
                0x0000612c        0x0 rhealstone_task_switch.o
                                 0x22 (size before relaxing)
 .rodata.vSwitchBenchmarkInit.str1.4
                0x0000612c        0x0 rhealstone_task_switch.o
                                  0x5 (size before relaxing)
 .rodata.vSwitchTask01.str1.4
                0x0000612c        0x0 rhealstone_task_switch.o
                                 0x35 (size before relaxing)
 .rodata.vSwitchTask02.str1.4
                0x0000612c        0x0 rhealstone_task_switch.o
                                 0x25 (size before relaxing)
 .rodata.rhealstone_task_switch_start.str1.4
                0x0000612c        0x0 rhealstone_task_switch.o
                                 0x24 (size before relaxing)
 .rodata.rheal_print_create_failed.str1.4
                0x0000612c        0x0 rhealstone_task_preempt.o
                                 0x22 (size before relaxing)
 .rodata.vPreemptBenchmarkInit.str1.4
                0x0000612c        0x0 rhealstone_task_preempt.o
                                  0x5 (size before relaxing)
 .rodata.vPreemptTask01.str1.4
                0x0000612c        0x0 rhealstone_task_preempt.o
                                  0x5 (size before relaxing)
 .rodata.vPreemptTask02.str1.4
                0x0000612c        0x0 rhealstone_task_preempt.o
                                 0x29 (size before relaxing)
 .rodata.rhealstone_task_preempt_start.str1.4
                0x0000612c        0x0 rhealstone_task_preempt.o
                                 0x29 (size before relaxing)
 .rodata.rheal_print_create_failed.str1.4
                0x0000612c        0x0 rhealstone_message_latency.o
                                 0x22 (size before relaxing)
 .rodata.vMsgBenchmarkInit.str1.4
                0x0000612c        0x0 rhealstone_message_latency.o
                                  0xe (size before relaxing)
 .rodata.vMsgTask01.str1.4
                0x0000612c        0x0 rhealstone_message_latency.o
                                 0x39 (size before relaxing)
 .rodata.vMsgTask02.str1.4
                0x0000612c        0x0 rhealstone_message_latency.o
                                 0x35 (size before relaxing)
 .rodata.rhealstone_message_latency_start.str1.4
                0x0000612c        0x0 rhealstone_message_latency.o
                                 0x25 (size before relaxing)
 .rodata.rheal_print_create_failed.str1.4
                0x0000612c        0x0 rhealstone_semaphore_shuffle.o
                                 0x22 (size before relaxing)
 .rodata.vSemBenchmarkInit.str1.4
                0x0000612c        0x0 rhealstone_semaphore_shuffle.o
                                 0x16 (size before relaxing)
 .rodata.vSemTask02.str1.4
                0x0000612c        0x0 rhealstone_semaphore_shuffle.o
                                 0x2d (size before relaxing)
 .rodata.rhealstone_semaphore_shuffle_start.str1.4
                0x0000612c        0x0 rhealstone_semaphore_shuffle.o
                                 0x29 (size before relaxing)
 .rodata.rheal_print_create_failed.str1.4
                0x0000612c        0x0 rhealstone_deadlock_break.o
                                 0x22 (size before relaxing)
 .rodata.vDeadBenchmarkInit.str1.4
                0x0000612c        0x0 rhealstone_deadlock_break.o
                                 0x1d (size before relaxing)
 .rodata.vDeadTask01.str1.4
                0x0000612c        0x0 rhealstone_deadlock_break.o
                                 0x29 (size before relaxing)
 .rodata.rhealstone_deadlock_break_start.str1.4
                0x0000612c        0x0 rhealstone_deadlock_break.o
                                 0x26 (size before relaxing)
 .rodata.vIntrLatencyTask.str1.4
                0x0000612c        0x0 rhealstone_interrupt_latency.o
                                 0x79 (size before relaxing)
 .rodata.rhealstone_interrupt_latency_start.str1.4
                0x0000612c        0x0 rhealstone_interrupt_latency.o
                                 0x4d (size before relaxing)
 .rodata        0x0000612c      0x100 /opt/riscv/lib/gcc/riscv64-unknown-elf/15.2.0/rv32im/ilp32/libgcc.a(_clz.o)
                0x0000612c                __clz_tab
 *(.srodata .srodata.*)
 .srodata.uxTopUsedPriority
                0x0000622c        0x4 tasks.o
 .srodata.uxTimerIncrementsForOneTick
                0x00006230        0x4 port.o
                0x00006230                uxTimerIncrementsForOneTick
 .srodata.xISRStackTop
                0x00006234        0x4 port.o
                0x00006234                xISRStackTop
                0x00006238                        . = ALIGN (0x4)
                0x00006238                        _data_load = LOADADDR (.data)

.rela.dyn       0x00006238        0x0
 .rela.text.init
                0x00006238        0x0 crt0.o

.data           0x10000000        0xc load address 0x00006238
                0x10000000                        _data_start = .
 *(.data .data.*)
 *(.sdata .sdata.*)
 .sdata.pxCriticalNesting
                0x10000000        0x4 port.o
                0x10000000                pxCriticalNesting
 .sdata.xCriticalNesting
                0x10000004        0x4 port.o
                0x10000004                xCriticalNesting
 .sdata.pullNextTime
                0x10000008        0x4 port.o
                0x10000008                pullNextTime
                0x1000000c                        . = ALIGN (0x4)
                0x1000000c                        _data_end = .

.bss            0x10000010     0x4c68 load address 0x00006244
                0x10000810                        __global_pointer$ = (. + 0x800)
                0x10000010                        _bss_start = .
 *(.bss .bss.*)
 .bss.StrGlb2   0x10000010       0x1f main_freertos.o
 *fill*         0x1000002f        0x1 
 .bss.StrGlb1   0x10000030       0x1f main_freertos.o
 *fill*         0x1000004f        0x1 
 .bss.RecordA   0x10000050       0x28 main_freertos.o
 .bss.history   0x10000078      0x200 main_freertos.o
 .bss.xSuspendedTaskList
                0x10000278       0x14 tasks.o
 .bss.xTasksWaitingTermination
                0x1000028c       0x14 tasks.o
 .bss.xPendingReadyList
                0x100002a0       0x14 tasks.o
 .bss.xDelayedTaskList2
                0x100002b4       0x14 tasks.o
 .bss.xDelayedTaskList1
                0x100002c8       0x14 tasks.o
 .bss.pxReadyTasksLists
                0x100002dc       0x64 tasks.o
 .bss.xISRStack
                0x10000340      0x800 port.o
 .bss.ucHeap    0x10000b40     0x4000 heap_4.o
 .bss.msg_buffer
                0x10004b40       0x10 rhealstone_message_latency.o
 *(.sbss .sbss.*)
 .sbss.break_flag.0
                0x10004b50        0x1 main_freertos.o
 .sbss.extended_flag.1
                0x10004b51        0x1 main_freertos.o
 *fill*         0x10004b52        0x2 
 .sbss.BoolGlb  0x10004b54        0x4 main_freertos.o
 .sbss.PtrGlb   0x10004b58        0x4 main_freertos.o
 .sbss.history_count
                0x10004b5c        0x4 main_freertos.o
 .sbss.vcol     0x10004b60        0x4 main_freertos.o
 .sbss.vrow     0x10004b64        0x4 main_freertos.o
 .sbss.uxSchedulerSuspended
                0x10004b68        0x4 tasks.o
 .sbss.xIdleTaskHandles
                0x10004b6c        0x4 tasks.o
 .sbss.xNextTaskUnblockTime
                0x10004b70        0x4 tasks.o
 .sbss.uxTaskNumber
                0x10004b74        0x4 tasks.o
 .sbss.xNumOfOverflows
                0x10004b78        0x4 tasks.o
 .sbss.xYieldPendings
                0x10004b7c        0x4 tasks.o
 .sbss.xPendedTicks
                0x10004b80        0x4 tasks.o
 .sbss.xSchedulerRunning
                0x10004b84        0x4 tasks.o
 .sbss.uxTopReadyPriority
                0x10004b88        0x4 tasks.o
 .sbss.xTickCount
                0x10004b8c        0x4 tasks.o
 .sbss.uxCurrentNumberOfTasks
                0x10004b90        0x4 tasks.o
 .sbss.uxDeletedTasksWaitingCleanUp
                0x10004b94        0x4 tasks.o
 .sbss.pxOverflowDelayedTaskList
                0x10004b98        0x4 tasks.o
 .sbss.pxDelayedTaskList
                0x10004b9c        0x4 tasks.o
 .sbss.pxCurrentTCB
                0x10004ba0        0x4 tasks.o
                0x10004ba0                pxCurrentTCB
 .sbss.xTaskReturnAddress
                0x10004ba4        0x4 port.o
                0x10004ba4                xTaskReturnAddress
 .sbss.pullMachineTimerCompareRegister
                0x10004ba8        0x4 port.o
                0x10004ba8                pullMachineTimerCompareRegister
 *fill*         0x10004bac        0x4 
 .sbss.ullNextTime
                0x10004bb0        0x8 port.o
                0x10004bb0                ullNextTime
 .sbss.xNumberOfSuccessfulFrees
                0x10004bb8        0x4 heap_4.o
 .sbss.xNumberOfSuccessfulAllocations
                0x10004bbc        0x4 heap_4.o
 .sbss.xMinimumEverFreeBytesRemaining
                0x10004bc0        0x4 heap_4.o
 .sbss.xFreeBytesRemaining
                0x10004bc4        0x4 heap_4.o
 .sbss.pxEnd    0x10004bc8        0x4 heap_4.o
 .sbss.xStart   0x10004bcc        0x8 heap_4.o
 .sbss.switch_count2
                0x10004bd4        0x4 rhealstone_task_switch.o
 .sbss.switch_count1
                0x10004bd8        0x4 rhealstone_task_switch.o
 .sbss.switch_dir_overhead
                0x10004bdc        0x4 rhealstone_task_switch.o
 .sbss.switch_loop_overhead
                0x10004be0        0x4 rhealstone_task_switch.o
 .sbss.xSwitchTask02Handle
                0x10004be4        0x4 rhealstone_task_switch.o
 .sbss.xSwitchTask01Handle
                0x10004be8        0x4 rhealstone_task_switch.o
 .sbss.preempt_count1
                0x10004bec        0x4 rhealstone_task_preempt.o
 .sbss.preempt_switch_overhead
                0x10004bf0        0x4 rhealstone_task_preempt.o
 .sbss.preempt_loop_overhead
                0x10004bf4        0x4 rhealstone_task_preempt.o
 .sbss.preempt_t_start
                0x10004bf8        0x4 rhealstone_task_preempt.o
 .sbss.xPreemptTask02Handle
                0x10004bfc        0x4 rhealstone_task_preempt.o
 .sbss.xPreemptTask01Handle
                0x10004c00        0x4 rhealstone_task_preempt.o
 .sbss.msg_count
                0x10004c04        0x4 rhealstone_message_latency.o
 .sbss.msg_receive_overhead
                0x10004c08        0x4 rhealstone_message_latency.o
 .sbss.msg_loop_overhead
                0x10004c0c        0x4 rhealstone_message_latency.o
 .sbss.msg_elapsed
                0x10004c10        0x4 rhealstone_message_latency.o
 .sbss.xMsgQueue
                0x10004c14        0x4 rhealstone_message_latency.o
 .sbss.xMsgTask02Handle
                0x10004c18        0x4 rhealstone_message_latency.o
 .sbss.xMsgTask01Handle
                0x10004c1c        0x4 rhealstone_message_latency.o
 .sbss.sem_exe  0x10004c20        0x4 rhealstone_semaphore_shuffle.o
 .sbss.sem_count
                0x10004c24        0x4 rhealstone_semaphore_shuffle.o
 .sbss.sem_switch_overhead
                0x10004c28        0x4 rhealstone_semaphore_shuffle.o
 .sbss.sem_elapsed
                0x10004c2c        0x4 rhealstone_semaphore_shuffle.o
 .sbss.xSemSemaphore
                0x10004c30        0x4 rhealstone_semaphore_shuffle.o
 .sbss.xSemTask02Handle
                0x10004c34        0x4 rhealstone_semaphore_shuffle.o
 .sbss.xSemTask01Handle
                0x10004c38        0x4 rhealstone_semaphore_shuffle.o
 .sbss.dead_sem_exe
                0x10004c3c        0x4 rhealstone_deadlock_break.o
 .sbss.dead_obtain_overhead
                0x10004c40        0x4 rhealstone_deadlock_break.o
 .sbss.dead_switch_overhead
                0x10004c44        0x4 rhealstone_deadlock_break.o
 .sbss.dead_elapsed
                0x10004c48        0x4 rhealstone_deadlock_break.o
 .sbss.dead_count
                0x10004c4c        0x4 rhealstone_deadlock_break.o
 .sbss.xDeadMutex
                0x10004c50        0x4 rhealstone_deadlock_break.o
 .sbss.xDeadTask03Handle
                0x10004c54        0x4 rhealstone_deadlock_break.o
 .sbss.xDeadTask02Handle
                0x10004c58        0x4 rhealstone_deadlock_break.o
 .sbss.xDeadTask01Handle
                0x10004c5c        0x4 rhealstone_deadlock_break.o
 .sbss.intr_timer_overhead
                0x10004c60        0x4 rhealstone_interrupt_latency.o
 .sbss.intr_total_latency
                0x10004c64        0x4 rhealstone_interrupt_latency.o
 .sbss.intr_trigger_time
                0x10004c68        0x4 rhealstone_interrupt_latency.o
 .sbss.intr_count
                0x10004c6c        0x4 rhealstone_interrupt_latency.o
 .sbss.intr_waiting
                0x10004c70        0x4 rhealstone_interrupt_latency.o
 .sbss.intr_active
                0x10004c74        0x4 rhealstone_interrupt_latency.o
 *(COMMON)
                0x10004c78                        . = ALIGN (0x4)
                0x10004c78                        _bss_end = .
                0x10008000                        _stack_top = (ORIGIN (RAM) + LENGTH (RAM))
                0x10004c78                        _heap_start = _bss_end
                0x10007800                        _heap_end = (_stack_top - 0x800)
OUTPUT(firmware.elf elf32-littleriscv)

.riscv.attributes
                0x00000000       0x37
 .riscv.attributes
                0x00000000       0x35 crt0.o
 .riscv.attributes
                0x00000035       0x33 nosys.o
 .riscv.attributes
                0x00000068       0x37 main_freertos.o
 .riscv.attributes
                0x0000009f       0x37 tasks.o
 .riscv.attributes
                0x000000d6       0x37 queue.o
 .riscv.attributes
                0x0000010d       0x33 list.o
 .riscv.attributes
                0x00000140       0x37 port.o
 .riscv.attributes
                0x00000177       0x35 portASM.o
 .riscv.attributes
                0x000001ac       0x37 heap_4.o
 .riscv.attributes
                0x000001e3       0x33 rhealstone_task_switch.o
 .riscv.attributes
                0x00000216       0x33 rhealstone_task_preempt.o
 .riscv.attributes
                0x00000249       0x33 rhealstone_message_latency.o
 .riscv.attributes
                0x0000027c       0x33 rhealstone_semaphore_shuffle.o
 .riscv.attributes
                0x000002af       0x33 rhealstone_deadlock_break.o
 .riscv.attributes
                0x000002e2       0x33 rhealstone_interrupt_latency.o
 .riscv.attributes
                0x00000315       0x2a /opt/riscv/lib/gcc/riscv64-unknown-elf/15.2.0/rv32im/ilp32/libgcc.a(_clzsi2.o)
 .riscv.attributes
                0x0000033f       0x2a /opt/riscv/lib/gcc/riscv64-unknown-elf/15.2.0/rv32im/ilp32/libgcc.a(_udivdi3.o)
 .riscv.attributes
                0x00000369       0x2a /opt/riscv/lib/gcc/riscv64-unknown-elf/15.2.0/rv32im/ilp32/libgcc.a(_umoddi3.o)
 .riscv.attributes
                0x00000393       0x2a /opt/riscv/lib/gcc/riscv64-unknown-elf/15.2.0/rv32im/ilp32/libgcc.a(_clz.o)

.comment        0x00000000       0x19
 .comment       0x00000000       0x19 nosys.o
                                 0x1a (size before relaxing)
 .comment       0x00000019        0x0 main_freertos.o
                                 0x1a (size before relaxing)
 .comment       0x00000019        0x0 tasks.o
                                 0x1a (size before relaxing)
 .comment       0x00000019        0x0 queue.o
                                 0x1a (size before relaxing)
 .comment       0x00000019        0x0 list.o
                                 0x1a (size before relaxing)
 .comment       0x00000019        0x0 port.o
                                 0x1a (size before relaxing)
 .comment       0x00000019        0x0 heap_4.o
                                 0x1a (size before relaxing)
 .comment       0x00000019        0x0 rhealstone_task_switch.o
                                 0x1a (size before relaxing)
 .comment       0x00000019        0x0 rhealstone_task_preempt.o
                                 0x1a (size before relaxing)
 .comment       0x00000019        0x0 rhealstone_message_latency.o
                                 0x1a (size before relaxing)
 .comment       0x00000019        0x0 rhealstone_semaphore_shuffle.o
                                 0x1a (size before relaxing)
 .comment       0x00000019        0x0 rhealstone_deadlock_break.o
                                 0x1a (size before relaxing)
 .comment       0x00000019        0x0 rhealstone_interrupt_latency.o
                                 0x1a (size before relaxing)
 .comment       0x00000019        0x0 /opt/riscv/lib/gcc/riscv64-unknown-elf/15.2.0/rv32im/ilp32/libgcc.a(_clzsi2.o)
                                 0x1a (size before relaxing)
 .comment       0x00000019        0x0 /opt/riscv/lib/gcc/riscv64-unknown-elf/15.2.0/rv32im/ilp32/libgcc.a(_udivdi3.o)
                                 0x1a (size before relaxing)
 .comment       0x00000019        0x0 /opt/riscv/lib/gcc/riscv64-unknown-elf/15.2.0/rv32im/ilp32/libgcc.a(_umoddi3.o)
                                 0x1a (size before relaxing)
 .comment       0x00000019        0x0 /opt/riscv/lib/gcc/riscv64-unknown-elf/15.2.0/rv32im/ilp32/libgcc.a(_clz.o)
                                 0x1a (size before relaxing)

.note.GNU-stack
                0x00000000        0x0
 .note.GNU-stack
                0x00000000        0x0 nosys.o
 .note.GNU-stack
                0x00000000        0x0 main_freertos.o
 .note.GNU-stack
                0x00000000        0x0 tasks.o
 .note.GNU-stack
                0x00000000        0x0 queue.o
 .note.GNU-stack
                0x00000000        0x0 list.o
 .note.GNU-stack
                0x00000000        0x0 port.o
 .note.GNU-stack
                0x00000000        0x0 heap_4.o
 .note.GNU-stack
                0x00000000        0x0 rhealstone_task_switch.o
 .note.GNU-stack
                0x00000000        0x0 rhealstone_task_preempt.o
 .note.GNU-stack
                0x00000000        0x0 rhealstone_message_latency.o
 .note.GNU-stack
                0x00000000        0x0 rhealstone_semaphore_shuffle.o
 .note.GNU-stack
                0x00000000        0x0 rhealstone_deadlock_break.o
 .note.GNU-stack
                0x00000000        0x0 rhealstone_interrupt_latency.o
 .note.GNU-stack
                0x00000000        0x0 /opt/riscv/lib/gcc/riscv64-unknown-elf/15.2.0/rv32im/ilp32/libgcc.a(_clzsi2.o)
 .note.GNU-stack
                0x00000000        0x0 /opt/riscv/lib/gcc/riscv64-unknown-elf/15.2.0/rv32im/ilp32/libgcc.a(_udivdi3.o)
 .note.GNU-stack
                0x00000000        0x0 /opt/riscv/lib/gcc/riscv64-unknown-elf/15.2.0/rv32im/ilp32/libgcc.a(_umoddi3.o)
 .note.GNU-stack
                0x00000000        0x0 /opt/riscv/lib/gcc/riscv64-unknown-elf/15.2.0/rv32im/ilp32/libgcc.a(_clz.o)

.debug_info     0x00000000     0x1364
 .debug_info    0x00000000      0x168 /opt/riscv/lib/gcc/riscv64-unknown-elf/15.2.0/rv32im/ilp32/libgcc.a(_clzsi2.o)
 .debug_info    0x00000168      0x850 /opt/riscv/lib/gcc/riscv64-unknown-elf/15.2.0/rv32im/ilp32/libgcc.a(_udivdi3.o)
 .debug_info    0x000009b8      0x8ba /opt/riscv/lib/gcc/riscv64-unknown-elf/15.2.0/rv32im/ilp32/libgcc.a(_umoddi3.o)
 .debug_info    0x00001272       0xf2 /opt/riscv/lib/gcc/riscv64-unknown-elf/15.2.0/rv32im/ilp32/libgcc.a(_clz.o)

.debug_abbrev   0x00000000      0x4d5
 .debug_abbrev  0x00000000       0xd9 /opt/riscv/lib/gcc/riscv64-unknown-elf/15.2.0/rv32im/ilp32/libgcc.a(_clzsi2.o)
 .debug_abbrev  0x000000d9      0x1ad /opt/riscv/lib/gcc/riscv64-unknown-elf/15.2.0/rv32im/ilp32/libgcc.a(_udivdi3.o)
 .debug_abbrev  0x00000286      0x1d9 /opt/riscv/lib/gcc/riscv64-unknown-elf/15.2.0/rv32im/ilp32/libgcc.a(_umoddi3.o)
 .debug_abbrev  0x0000045f       0x76 /opt/riscv/lib/gcc/riscv64-unknown-elf/15.2.0/rv32im/ilp32/libgcc.a(_clz.o)

.debug_loclists
                0x00000000     0x1448
 .debug_loclists
                0x00000000       0x52 /opt/riscv/lib/gcc/riscv64-unknown-elf/15.2.0/rv32im/ilp32/libgcc.a(_clzsi2.o)
 .debug_loclists
                0x00000052      0xb98 /opt/riscv/lib/gcc/riscv64-unknown-elf/15.2.0/rv32im/ilp32/libgcc.a(_udivdi3.o)
 .debug_loclists
                0x00000bea      0x85e /opt/riscv/lib/gcc/riscv64-unknown-elf/15.2.0/rv32im/ilp32/libgcc.a(_umoddi3.o)

.debug_aranges  0x00000000       0x78
 .debug_aranges
                0x00000000       0x20 /opt/riscv/lib/gcc/riscv64-unknown-elf/15.2.0/rv32im/ilp32/libgcc.a(_clzsi2.o)
 .debug_aranges
                0x00000020       0x20 /opt/riscv/lib/gcc/riscv64-unknown-elf/15.2.0/rv32im/ilp32/libgcc.a(_udivdi3.o)
 .debug_aranges
                0x00000040       0x20 /opt/riscv/lib/gcc/riscv64-unknown-elf/15.2.0/rv32im/ilp32/libgcc.a(_umoddi3.o)
 .debug_aranges
                0x00000060       0x18 /opt/riscv/lib/gcc/riscv64-unknown-elf/15.2.0/rv32im/ilp32/libgcc.a(_clz.o)

.debug_rnglists
                0x00000000      0x122
 .debug_rnglists
                0x00000000       0x16 /opt/riscv/lib/gcc/riscv64-unknown-elf/15.2.0/rv32im/ilp32/libgcc.a(_clzsi2.o)
 .debug_rnglists
                0x00000016       0x9c /opt/riscv/lib/gcc/riscv64-unknown-elf/15.2.0/rv32im/ilp32/libgcc.a(_udivdi3.o)
 .debug_rnglists
                0x000000b2       0x70 /opt/riscv/lib/gcc/riscv64-unknown-elf/15.2.0/rv32im/ilp32/libgcc.a(_umoddi3.o)

.debug_line     0x00000000     0x17a4
 .debug_line    0x00000000       0xef /opt/riscv/lib/gcc/riscv64-unknown-elf/15.2.0/rv32im/ilp32/libgcc.a(_clzsi2.o)
 .debug_line    0x000000ef      0xb27 /opt/riscv/lib/gcc/riscv64-unknown-elf/15.2.0/rv32im/ilp32/libgcc.a(_udivdi3.o)
 .debug_line    0x00000c16      0xb45 /opt/riscv/lib/gcc/riscv64-unknown-elf/15.2.0/rv32im/ilp32/libgcc.a(_umoddi3.o)
 .debug_line    0x0000175b       0x49 /opt/riscv/lib/gcc/riscv64-unknown-elf/15.2.0/rv32im/ilp32/libgcc.a(_clz.o)

.debug_str      0x00000000      0x2bc
 .debug_str     0x00000000      0x2bc /opt/riscv/lib/gcc/riscv64-unknown-elf/15.2.0/rv32im/ilp32/libgcc.a(_clzsi2.o)
                                0x1cf (size before relaxing)
 .debug_str     0x000002bc        0x0 /opt/riscv/lib/gcc/riscv64-unknown-elf/15.2.0/rv32im/ilp32/libgcc.a(_udivdi3.o)
                                0x265 (size before relaxing)
 .debug_str     0x000002bc        0x0 /opt/riscv/lib/gcc/riscv64-unknown-elf/15.2.0/rv32im/ilp32/libgcc.a(_umoddi3.o)
                                0x265 (size before relaxing)
 .debug_str     0x000002bc        0x0 /opt/riscv/lib/gcc/riscv64-unknown-elf/15.2.0/rv32im/ilp32/libgcc.a(_clz.o)
                                0x1b2 (size before relaxing)

.debug_line_str
                0x00000000       0xab
 .debug_line_str
                0x00000000       0xab /opt/riscv/lib/gcc/riscv64-unknown-elf/15.2.0/rv32im/ilp32/libgcc.a(_clzsi2.o)
                                 0xb5 (size before relaxing)
 .debug_line_str
                0x000000ab        0x0 /opt/riscv/lib/gcc/riscv64-unknown-elf/15.2.0/rv32im/ilp32/libgcc.a(_udivdi3.o)
                                 0xb5 (size before relaxing)
 .debug_line_str
                0x000000ab        0x0 /opt/riscv/lib/gcc/riscv64-unknown-elf/15.2.0/rv32im/ilp32/libgcc.a(_umoddi3.o)
                                 0xb5 (size before relaxing)
 .debug_line_str
                0x000000ab        0x0 /opt/riscv/lib/gcc/riscv64-unknown-elf/15.2.0/rv32im/ilp32/libgcc.a(_clz.o)
                                 0xb5 (size before relaxing)

.debug_frame    0x00000000       0x20
 .debug_frame   0x00000000       0x20 /opt/riscv/lib/gcc/riscv64-unknown-elf/15.2.0/rv32im/ilp32/libgcc.a(_clzsi2.o)
